Archive member included to satisfy reference by file (symbol)

/opt/Atollic_TrueSTUDIO_for_STM32_x86_64_9.0.1/ARMTools/bin/../lib/gcc/arm-atollic-eabi/6.3.1/../../../../arm-atollic-eabi/lib/armv7-m/libc_nano.a(lib_a-init.o)
                              src/startup_stm32f10x_md.o (__libc_init_array)
/opt/Atollic_TrueSTUDIO_for_STM32_x86_64_9.0.1/ARMTools/bin/../lib/gcc/arm-atollic-eabi/6.3.1/../../../../arm-atollic-eabi/lib/armv7-m/libc_nano.a(lib_a-malloc.o)
                              FreeRTOS/source/heap_3.o (malloc)
/opt/Atollic_TrueSTUDIO_for_STM32_x86_64_9.0.1/ARMTools/bin/../lib/gcc/arm-atollic-eabi/6.3.1/../../../../arm-atollic-eabi/lib/armv7-m/libc_nano.a(lib_a-memcmp.o)
                              tiny_broker/tiny_broker.o (memcmp)
/opt/Atollic_TrueSTUDIO_for_STM32_x86_64_9.0.1/ARMTools/bin/../lib/gcc/arm-atollic-eabi/6.3.1/../../../../arm-atollic-eabi/lib/armv7-m/libc_nano.a(lib_a-memcpy-stub.o)
                              FreeRTOS/source/queue.o (memcpy)
/opt/Atollic_TrueSTUDIO_for_STM32_x86_64_9.0.1/ARMTools/bin/../lib/gcc/arm-atollic-eabi/6.3.1/../../../../arm-atollic-eabi/lib/armv7-m/libc_nano.a(lib_a-memset.o)
                              FreeRTOS/source/tasks.o (memset)
/opt/Atollic_TrueSTUDIO_for_STM32_x86_64_9.0.1/ARMTools/bin/../lib/gcc/arm-atollic-eabi/6.3.1/../../../../arm-atollic-eabi/lib/armv7-m/libc_nano.a(lib_a-nano-freer.o)
                              /opt/Atollic_TrueSTUDIO_for_STM32_x86_64_9.0.1/ARMTools/bin/../lib/gcc/arm-atollic-eabi/6.3.1/../../../../arm-atollic-eabi/lib/armv7-m/libc_nano.a(lib_a-malloc.o) (_free_r)
/opt/Atollic_TrueSTUDIO_for_STM32_x86_64_9.0.1/ARMTools/bin/../lib/gcc/arm-atollic-eabi/6.3.1/../../../../arm-atollic-eabi/lib/armv7-m/libc_nano.a(lib_a-nano-mallocr.o)
                              /opt/Atollic_TrueSTUDIO_for_STM32_x86_64_9.0.1/ARMTools/bin/../lib/gcc/arm-atollic-eabi/6.3.1/../../../../arm-atollic-eabi/lib/armv7-m/libc_nano.a(lib_a-malloc.o) (_malloc_r)
/opt/Atollic_TrueSTUDIO_for_STM32_x86_64_9.0.1/ARMTools/bin/../lib/gcc/arm-atollic-eabi/6.3.1/../../../../arm-atollic-eabi/lib/armv7-m/libc_nano.a(lib_a-sbrkr.o)
                              /opt/Atollic_TrueSTUDIO_for_STM32_x86_64_9.0.1/ARMTools/bin/../lib/gcc/arm-atollic-eabi/6.3.1/../../../../arm-atollic-eabi/lib/armv7-m/libc_nano.a(lib_a-nano-mallocr.o) (_sbrk_r)
/opt/Atollic_TrueSTUDIO_for_STM32_x86_64_9.0.1/ARMTools/bin/../lib/gcc/arm-atollic-eabi/6.3.1/../../../../arm-atollic-eabi/lib/armv7-m/libc_nano.a(lib_a-strcmp.o)
                              tiny_broker/tiny_broker.o (strcmp)
/opt/Atollic_TrueSTUDIO_for_STM32_x86_64_9.0.1/ARMTools/bin/../lib/gcc/arm-atollic-eabi/6.3.1/../../../../arm-atollic-eabi/lib/armv7-m/libc_nano.a(lib_a-strlen.o)
                              src/mqtt_packet.o (strlen)
/opt/Atollic_TrueSTUDIO_for_STM32_x86_64_9.0.1/ARMTools/bin/../lib/gcc/arm-atollic-eabi/6.3.1/../../../../arm-atollic-eabi/lib/armv7-m/libc_nano.a(lib_a-strncmp.o)
                              tiny_broker/tiny_broker.o (strncmp)
/opt/Atollic_TrueSTUDIO_for_STM32_x86_64_9.0.1/ARMTools/bin/../lib/gcc/arm-atollic-eabi/6.3.1/../../../../arm-atollic-eabi/lib/armv7-m/libc_nano.a(lib_a-strncpy.o)
                              tiny_broker/tiny_broker.o (strncpy)
/opt/Atollic_TrueSTUDIO_for_STM32_x86_64_9.0.1/ARMTools/bin/../lib/gcc/arm-atollic-eabi/6.3.1/../../../../arm-atollic-eabi/lib/armv7-m/libc_nano.a(lib_a-impure.o)
                              /opt/Atollic_TrueSTUDIO_for_STM32_x86_64_9.0.1/ARMTools/bin/../lib/gcc/arm-atollic-eabi/6.3.1/../../../../arm-atollic-eabi/lib/armv7-m/libc_nano.a(lib_a-malloc.o) (_impure_ptr)
/opt/Atollic_TrueSTUDIO_for_STM32_x86_64_9.0.1/ARMTools/bin/../lib/gcc/arm-atollic-eabi/6.3.1/../../../../arm-atollic-eabi/lib/armv7-m/libc_nano.a(lib_a-mlock.o)
                              /opt/Atollic_TrueSTUDIO_for_STM32_x86_64_9.0.1/ARMTools/bin/../lib/gcc/arm-atollic-eabi/6.3.1/../../../../arm-atollic-eabi/lib/armv7-m/libc_nano.a(lib_a-nano-freer.o) (__malloc_lock)
/opt/Atollic_TrueSTUDIO_for_STM32_x86_64_9.0.1/ARMTools/bin/../lib/gcc/arm-atollic-eabi/6.3.1/../../../../arm-atollic-eabi/lib/armv7-m/libc_nano.a(lib_a-reent.o)
                              /opt/Atollic_TrueSTUDIO_for_STM32_x86_64_9.0.1/ARMTools/bin/../lib/gcc/arm-atollic-eabi/6.3.1/../../../../arm-atollic-eabi/lib/armv7-m/libc_nano.a(lib_a-sbrkr.o) (errno)
/opt/Atollic_TrueSTUDIO_for_STM32_x86_64_9.0.1/ARMTools/bin/../lib/gcc/arm-atollic-eabi/6.3.1/armv7-m/libgcc.a(_arm_addsubdf3.o)
                              src/bmp280.o (__aeabi_dsub)
/opt/Atollic_TrueSTUDIO_for_STM32_x86_64_9.0.1/ARMTools/bin/../lib/gcc/arm-atollic-eabi/6.3.1/armv7-m/libgcc.a(_arm_muldivdf3.o)
                              src/bmp280.o (__aeabi_dmul)
/opt/Atollic_TrueSTUDIO_for_STM32_x86_64_9.0.1/ARMTools/bin/../lib/gcc/arm-atollic-eabi/6.3.1/armv7-m/libgcc.a(_arm_cmpdf2.o)
                              src/bmp280.o (__aeabi_dcmplt)
[...]
Memory Configuration

Name             Origin             Length             Attributes
FLASH            0x0000000008000000 0x0000000000010000 xr
RAM              0x0000000020000000 0x0000000000005000 xrw
MEMORY_B1        0x0000000060000000 0x0000000000000000 xr
*default*        0x0000000000000000 0xffffffffffffffff

Linker script and memory map

LOAD /opt/Atollic_TrueSTUDIO_for_STM32_x86_64_9.0.1/ARMTools/bin/../lib/gcc/arm-atollic-eabi/6.3.1/armv7-m/crti.o
LOAD /opt/Atollic_TrueSTUDIO_for_STM32_x86_64_9.0.1/ARMTools/bin/../lib/gcc/arm-atollic-eabi/6.3.1/armv7-m/crtbegin.o
LOAD FreeRTOS/source/croutine.o
LOAD FreeRTOS/source/event_groups.o
LOAD FreeRTOS/source/heap_3.o
LOAD FreeRTOS/source/list.o
LOAD FreeRTOS/source/port.o
LOAD FreeRTOS/source/queue.o
LOAD FreeRTOS/source/tasks.o
LOAD FreeRTOS/source/timers.o
LOAD Libraries/STM32F10x_StdPeriph_Driver/src/misc.o
LOAD Libraries/STM32F10x_StdPeriph_Driver/src/stm32f10x_adc.o
LOAD Libraries/STM32F10x_StdPeriph_Driver/src/stm32f10x_bkp.o
LOAD Libraries/STM32F10x_StdPeriph_Driver/src/stm32f10x_can.o
LOAD Libraries/STM32F10x_StdPeriph_Driver/src/stm32f10x_cec.o
LOAD Libraries/STM32F10x_StdPeriph_Driver/src/stm32f10x_crc.o
LOAD Libraries/STM32F10x_StdPeriph_Driver/src/stm32f10x_dac.o
LOAD Libraries/STM32F10x_StdPeriph_Driver/src/stm32f10x_dbgmcu.o
LOAD Libraries/STM32F10x_StdPeriph_Driver/src/stm32f10x_dma.o
LOAD Libraries/STM32F10x_StdPeriph_Driver/src/stm32f10x_exti.o
LOAD Libraries/STM32F10x_StdPeriph_Driver/src/stm32f10x_flash.o
LOAD Libraries/STM32F10x_StdPeriph_Driver/src/stm32f10x_fsmc.o
LOAD Libraries/STM32F10x_StdPeriph_Driver/src/stm32f10x_gpio.o
LOAD Libraries/STM32F10x_StdPeriph_Driver/src/stm32f10x_i2c.o
LOAD Libraries/STM32F10x_StdPeriph_Driver/src/stm32f10x_iwdg.o
LOAD Libraries/STM32F10x_StdPeriph_Driver/src/stm32f10x_pwr.o
LOAD Libraries/STM32F10x_StdPeriph_Driver/src/stm32f10x_rcc.o
LOAD Libraries/STM32F10x_StdPeriph_Driver/src/stm32f10x_rtc.o
LOAD Libraries/STM32F10x_StdPeriph_Driver/src/stm32f10x_sdio.o
LOAD Libraries/STM32F10x_StdPeriph_Driver/src/stm32f10x_spi.o
LOAD Libraries/STM32F10x_StdPeriph_Driver/src/stm32f10x_tim.o
LOAD Libraries/STM32F10x_StdPeriph_Driver/src/stm32f10x_usart.o
LOAD Libraries/STM32F10x_StdPeriph_Driver/src/stm32f10x_wwdg.o
LOAD src/__rfm12b.o
LOAD src/__rfm12b_platform.o
LOAD src/bme280.o
LOAD src/bmp280.o
LOAD src/bmp280_hal.o
LOAD src/gpio.o
LOAD src/main.o
LOAD src/mqtt_client.o
LOAD src/mqtt_packet.o
LOAD src/mqtt_socket.o
LOAD src/nrf24.o
LOAD src/nrf24_hal.o
LOAD src/platform.o
LOAD src/radioPinFunctions.o
LOAD src/startup_stm32f10x_md.o
LOAD src/stm32f1xx_it.o
LOAD src/system_stm32f10x.o
LOAD src/tiny_printf.o
LOAD src/tm_stm32_fonts.o
LOAD src/tm_stm32_ili9341.o
LOAD tiny_broker/tiny_broker.o
                0x0000000000001000                malloc_getpagesize_P = 0x1000
START GROUP
LOAD /opt/Atollic_TrueSTUDIO_for_STM32_x86_64_9.0.1/ARMTools/bin/../lib/gcc/arm-atollic-eabi/6.3.1/../../../../arm-atollic-eabi/lib/armv7-m/libstdc++_nano.a
LOAD /opt/Atollic_TrueSTUDIO_for_STM32_x86_64_9.0.1/ARMTools/bin/../lib/gcc/arm-atollic-eabi/6.3.1/../../../../arm-atollic-eabi/lib/armv7-m/libsupc++_nano.a
END GROUP
LOAD /opt/Atollic_TrueSTUDIO_for_STM32_x86_64_9.0.1/ARMTools/bin/../lib/gcc/arm-atollic-eabi/6.3.1/../../../../arm-atollic-eabi/lib/armv7-m/libstdc++_nano.a
LOAD /opt/Atollic_TrueSTUDIO_for_STM32_x86_64_9.0.1/ARMTools/bin/../lib/gcc/arm-atollic-eabi/6.3.1/../../../../arm-atollic-eabi/lib/armv7-m/libm.a
LOAD /opt/Atollic_TrueSTUDIO_for_STM32_x86_64_9.0.1/ARMTools/bin/../lib/gcc/arm-atollic-eabi/6.3.1/../../../../arm-atollic-eabi/lib/armv7-m/libc_nano.a
START GROUP
LOAD /opt/Atollic_TrueSTUDIO_for_STM32_x86_64_9.0.1/ARMTools/bin/../lib/gcc/arm-atollic-eabi/6.3.1/armv7-m/libgcc.a
LOAD /opt/Atollic_TrueSTUDIO_for_STM32_x86_64_9.0.1/ARMTools/bin/../lib/gcc/arm-atollic-eabi/6.3.1/../../../../arm-atollic-eabi/lib/armv7-m/libc_nano.a
END GROUP
START GROUP
LOAD /opt/Atollic_TrueSTUDIO_for_STM32_x86_64_9.0.1/ARMTools/bin/../lib/gcc/arm-atollic-eabi/6.3.1/armv7-m/libgcc.a
LOAD /opt/Atollic_TrueSTUDIO_for_STM32_x86_64_9.0.1/ARMTools/bin/../lib/gcc/arm-atollic-eabi/6.3.1/../../../../arm-atollic-eabi/lib/armv7-m/libc_nano.a
LOAD /opt/Atollic_TrueSTUDIO_for_STM32_x86_64_9.0.1/ARMTools/bin/../lib/gcc/arm-atollic-eabi/6.3.1/../../../../arm-atollic-eabi/lib/armv7-m/libnosys.a
END GROUP
START GROUP
LOAD /opt/Atollic_TrueSTUDIO_for_STM32_x86_64_9.0.1/ARMTools/bin/../lib/gcc/arm-atollic-eabi/6.3.1/armv7-m/libgcc.a
LOAD /opt/Atollic_TrueSTUDIO_for_STM32_x86_64_9.0.1/ARMTools/bin/../lib/gcc/arm-atollic-eabi/6.3.1/../../../../arm-atollic-eabi/lib/armv7-m/libc_nano.a
LOAD /opt/Atollic_TrueSTUDIO_for_STM32_x86_64_9.0.1/ARMTools/bin/../lib/gcc/arm-atollic-eabi/6.3.1/../../../../arm-atollic-eabi/lib/armv7-m/libnosys.a
END GROUP
LOAD /opt/Atollic_TrueSTUDIO_for_STM32_x86_64_9.0.1/ARMTools/bin/../lib/gcc/arm-atollic-eabi/6.3.1/armv7-m/crtend.o
LOAD /opt/Atollic_TrueSTUDIO_for_STM32_x86_64_9.0.1/ARMTools/bin/../lib/gcc/arm-atollic-eabi/6.3.1/armv7-m/crtn.o
                0x0000000020005000                _estack = 0x20005000
                0x0000000000000000                _Min_Heap_Size = 0x0
                0x0000000000000800                _Min_Stack_Size = 0x800

.isr_vector     0x0000000008000000      0x10c
                0x0000000008000000                . = ALIGN (0x4)
 *(.isr_vector)
 .isr_vector    0x0000000008000000      0x10c src/startup_stm32f10x_md.o
                0x0000000008000000                g_pfnVectors
                0x000000000800010c                . = ALIGN (0x4)

.text           0x0000000008000110     0x12b4
                0x0000000008000110                . = ALIGN (0x4)
 *(.text)
 .text          0x0000000008000110       0x40 /opt/Atollic_TrueSTUDIO_for_STM32_x86_64_9.0.1/ARMTools/bin/../lib/gcc/arm-atollic-eabi/6.3.1/armv7-m/crtbegin.o
 *(.text*)
 .text.vListInsertEnd
                0x0000000008000150       0x46 FreeRTOS/source/list.o
                0x0000000008000150                vListInsertEnd
 .text.uxListRemove
                0x0000000008000196       0x52 FreeRTOS/source/list.o
                0x0000000008000196                uxListRemove
 *fill*         0x00000000080001e8        0x8 
 .text.SVC_Handler
                0x00000000080001f0       0x28 FreeRTOS/source/port.o
                0x00000000080001f0                SVC_Handler
 *fill*         0x0000000008000218        0x8 
 .text.PendSV_Handler
                0x0000000008000220       0x48 FreeRTOS/source/port.o
                0x0000000008000220                PendSV_Handler
 .text.SysTick_Handler
                0x0000000008000268       0x40 FreeRTOS/source/port.o
                0x0000000008000268                SysTick_Handler
 .text.xTaskIncrementTick
                0x00000000080002a8      0x158 FreeRTOS/source/tasks.o
                0x00000000080002a8                xTaskIncrementTick
 .text.vTaskSwitchContext
                0x0000000008000400       0x8c FreeRTOS/source/tasks.o
                0x0000000008000400                vTaskSwitchContext
 .text.prvResetNextTaskUnblockTime
                0x000000000800048c       0x48 FreeRTOS/source/tasks.o
 .text.EXTI_ClearITPendingBit
                0x00000000080004d4       0x1c Libraries/STM32F10x_StdPeriph_Driver/src/stm32f10x_exti.o
                0x00000000080004d4                EXTI_ClearITPendingBit
 .text.GPIO_Init
                0x00000000080004f0      0x178 Libraries/STM32F10x_StdPeriph_Driver/src/stm32f10x_gpio.o
                0x00000000080004f0                GPIO_Init
 .text.GPIO_SetBits
                0x0000000008000668       0x1c Libraries/STM32F10x_StdPeriph_Driver/src/stm32f10x_gpio.o
                0x0000000008000668                GPIO_SetBits
 .text.GPIO_ResetBits
                0x0000000008000684       0x1c Libraries/STM32F10x_StdPeriph_Driver/src/stm32f10x_gpio.o
                0x0000000008000684                GPIO_ResetBits
 .text.RCC_APB2PeriphClockCmd
                0x00000000080006a0       0x3c Libraries/STM32F10x_StdPeriph_Driver/src/stm32f10x_rcc.o
                0x00000000080006a0                RCC_APB2PeriphClockCmd
 .text.SPI_Init
                0x00000000080006dc       0x86 Libraries/STM32F10x_StdPeriph_Driver/src/stm32f10x_spi.o
                0x00000000080006dc                SPI_Init
 .text.SPI_Cmd  0x0000000008000762       0x3e Libraries/STM32F10x_StdPeriph_Driver/src/stm32f10x_spi.o
                0x0000000008000762                SPI_Cmd
 .text.SPI_I2S_SendData
                0x00000000080007a0       0x1c Libraries/STM32F10x_StdPeriph_Driver/src/stm32f10x_spi.o
                0x00000000080007a0                SPI_I2S_SendData
 .text.SPI_I2S_ReceiveData
                0x00000000080007bc       0x18 Libraries/STM32F10x_StdPeriph_Driver/src/stm32f10x_spi.o
                0x00000000080007bc                SPI_I2S_ReceiveData
 .text.SPI_SSOutputCmd
                0x00000000080007d4       0x3e Libraries/STM32F10x_StdPeriph_Driver/src/stm32f10x_spi.o
                0x00000000080007d4                SPI_SSOutputCmd
 .text.SPI_I2S_GetFlagStatus
                0x0000000008000812       0x36 Libraries/STM32F10x_StdPeriph_Driver/src/stm32f10x_spi.o
                0x0000000008000812                SPI_I2S_GetFlagStatus
 .text.Rfm12bInit
                0x0000000008000848       0x82 src/__rfm12b.o
                0x0000000008000848                Rfm12bInit
 .text.Rrm12bObjInit
                0x00000000080008ca       0x24 src/__rfm12b.o
                0x00000000080008ca                Rrm12bObjInit
 .text.rfSend   0x00000000080008ee       0x4a src/__rfm12b.o
 .text.Rfm12bStartSending
                0x0000000008000938       0x5c src/__rfm12b.o
                0x0000000008000938                Rfm12bStartSending
 .text.Rfm12bTranssmitSeqByte
                0x0000000008000994       0x40 src/__rfm12b.o
 .text.Rfm12bMantainSending
                0x00000000080009d4       0x3a src/__rfm12b.o
                0x00000000080009d4                Rfm12bMantainSending
 *fill*         0x0000000008000a0e        0x2 
 .text.Rfm12bMantainreceiving
                0x0000000008000a10       0x6c src/__rfm12b.o
                0x0000000008000a10                Rfm12bMantainreceiving
 .text.Rfm12bIrqCallback
                0x0000000008000a7c       0x3c src/__rfm12b.o
                0x0000000008000a7c                Rfm12bIrqCallback
 .text.rfm12bFifoReset
                0x0000000008000ab8       0x18 src/__rfm12b.o
                0x0000000008000ab8                rfm12bFifoReset
 .text.rfm12bReadFifo
                0x0000000008000ad0       0x1c src/__rfm12b.o
                0x0000000008000ad0                rfm12bReadFifo
 .text.rfm12bSwitchRx
                0x0000000008000aec       0x10 src/__rfm12b.o
                0x0000000008000aec                rfm12bSwitchRx
 .text.rfm12bSwitchTx
                0x0000000008000afc       0x10 src/__rfm12b.o
                0x0000000008000afc                rfm12bSwitchTx
 .text.Rfm12bSpiInit
                0x0000000008000b0c       0xd8 src/__rfm12b_platform.o
                0x0000000008000b0c                Rfm12bSpiInit
 .text.Rfm12bWriteCmd
                0x0000000008000be4       0x60 src/__rfm12b_platform.o
                0x0000000008000be4                Rfm12bWriteCmd
 .text.NVIC_EnableIRQ
                0x0000000008000c44       0x30 src/gpio.o
 .text.EnableGpioClk
                0x0000000008000c74       0x7c src/gpio.o
                0x0000000008000c74                EnableGpioClk
 .text.SetGpioAsInFloating
                0x0000000008000cf0       0xa0 src/gpio.o
                0x0000000008000cf0                SetGpioAsInFloating
 .text.SetGpioAsInPullUp
                0x0000000008000d90       0xd0 src/gpio.o
                0x0000000008000d90                SetGpioAsInPullUp
 .text.SetGpioAsOutAltPushPUll
                0x0000000008000e60       0x7c src/gpio.o
                0x0000000008000e60                SetGpioAsOutAltPushPUll
 .text.EnableExti
                0x0000000008000edc       0x90 src/gpio.o
                0x0000000008000edc                EnableExti
 .text._delay_ms
                0x0000000008000f6c       0x3a src/gpio.o
                0x0000000008000f6c                _delay_ms
 *fill*         0x0000000008000fa6        0x2 
 .text.NVIC_EnableIRQ
                0x0000000008000fa8       0x30 src/main.o
 .text.EXTI9_5_IRQHandler
                0x0000000008000fd8       0x18 src/main.o
                0x0000000008000fd8                EXTI9_5_IRQHandler
 .text.main     0x0000000008000ff0       0xf8 src/main.o
                0x0000000008000ff0                main
 .text.EnableUart
                0x00000000080010e8       0x5c src/platform.o
                0x00000000080010e8                EnableUart
 .text.Reset_Handler
                0x0000000008001144       0x50 src/startup_stm32f10x_md.o
                0x0000000008001144                Reset_Handler
 .text.Default_Handler
                0x0000000008001194        0x2 src/startup_stm32f10x_md.o
                0x0000000008001194                EXTI2_IRQHandler
                0x0000000008001194                TIM1_CC_IRQHandler
                0x0000000008001194                PVD_IRQHandler
                0x0000000008001194                EXTI3_IRQHandler
                0x0000000008001194                EXTI0_IRQHandler
                0x0000000008001194                I2C2_EV_IRQHandler
                0x0000000008001194                ADC1_2_IRQHandler
                0x0000000008001194                SPI1_IRQHandler
                0x0000000008001194                TAMPER_IRQHandler
                0x0000000008001194                DMA1_Channel4_IRQHandler
                0x0000000008001194                USART3_IRQHandler
                0x0000000008001194                RTC_IRQHandler
                0x0000000008001194                DMA1_Channel7_IRQHandler
                0x0000000008001194                CAN1_RX1_IRQHandler
                0x0000000008001194                TIM4_IRQHandler
                0x0000000008001194                I2C1_EV_IRQHandler
                0x0000000008001194                DMA1_Channel6_IRQHandler
                0x0000000008001194                TIM3_IRQHandler
                0x0000000008001194                RCC_IRQHandler
                0x0000000008001194                TIM1_TRG_COM_IRQHandler
                0x0000000008001194                DMA1_Channel1_IRQHandler
                0x0000000008001194                Default_Handler
                0x0000000008001194                EXTI15_10_IRQHandler
                0x0000000008001194                SPI2_IRQHandler
                0x0000000008001194                DMA1_Channel5_IRQHandler
                0x0000000008001194                EXTI4_IRQHandler
                0x0000000008001194                USB_LP_CAN1_RX0_IRQHandler
                0x0000000008001194                USB_HP_CAN1_TX_IRQHandler
                0x0000000008001194                DMA1_Channel3_IRQHandler
                0x0000000008001194                TIM1_UP_IRQHandler
                0x0000000008001194                WWDG_IRQHandler
                0x0000000008001194                TIM2_IRQHandler
                0x0000000008001194                TIM1_BRK_IRQHandler
                0x0000000008001194                EXTI1_IRQHandler
                0x0000000008001194                RTCAlarm_IRQHandler
                0x0000000008001194                USART2_IRQHandler
                0x0000000008001194                I2C2_ER_IRQHandler
                0x0000000008001194                DMA1_Channel2_IRQHandler
                0x0000000008001194                CAN1_SCE_IRQHandler
                0x0000000008001194                FLASH_IRQHandler
                0x0000000008001194                USART1_IRQHandler
                0x0000000008001194                I2C1_ER_IRQHandler
                0x0000000008001194                USBWakeUp_IRQHandler
 .text.NMI_Handler
                0x0000000008001196        0xc src/stm32f1xx_it.o
                0x0000000008001196                NMI_Handler
 .text.HardFault_Handler
                0x00000000080011a2        0x6 src/stm32f1xx_it.o
                0x00000000080011a2                HardFault_Handler
 .text.MemManage_Handler
                0x00000000080011a8        0x6 src/stm32f1xx_it.o
                0x00000000080011a8                MemManage_Handler
 .text.BusFault_Handler
                0x00000000080011ae        0x6 src/stm32f1xx_it.o
                0x00000000080011ae                BusFault_Handler
 .text.UsageFault_Handler
                0x00000000080011b4        0x6 src/stm32f1xx_it.o
                0x00000000080011b4                UsageFault_Handler
 .text.DebugMon_Handler
                0x00000000080011ba        0xc src/stm32f1xx_it.o
                0x00000000080011ba                DebugMon_Handler
 *fill*         0x00000000080011c6        0x2 
 .text.SystemInit
                0x00000000080011c8       0x68 src/system_stm32f10x.o
                0x00000000080011c8                SystemInit
 .text.SetSysClock
                0x0000000008001230        0xc src/system_stm32f10x.o
 .text.SetSysClockTo72
                0x000000000800123c      0x100 src/system_stm32f10x.o
 .text.__libc_init_array
                0x000000000800133c       0x48 /opt/Atollic_TrueSTUDIO_for_STM32_x86_64_9.0.1/ARMTools/bin/../lib/gcc/arm-atollic-eabi/6.3.1/../../../../arm-atollic-eabi/lib/armv7-m/libc_nano.a(lib_a-init.o)
                0x000000000800133c                __libc_init_array
 .text.memcpy   0x0000000008001384       0x16 /opt/Atollic_TrueSTUDIO_for_STM32_x86_64_9.0.1/ARMTools/bin/../lib/gcc/arm-atollic-eabi/6.3.1/../../../../arm-atollic-eabi/lib/armv7-m/libc_nano.a(lib_a-memcpy-stub.o)
                0x0000000008001384                memcpy
 .text.memset   0x000000000800139a       0x10 /opt/Atollic_TrueSTUDIO_for_STM32_x86_64_9.0.1/ARMTools/bin/../lib/gcc/arm-atollic-eabi/6.3.1/../../../../arm-atollic-eabi/lib/armv7-m/libc_nano.a(lib_a-memset.o)
                0x000000000800139a                memset
 *(.glue_7)
 .glue_7        0x00000000080013aa        0x0 linker stubs
 *(.glue_7t)
 .glue_7t       0x00000000080013aa        0x0 linker stubs
 *(.eh_frame)
 *fill*         0x00000000080013aa        0x2 
 .eh_frame      0x00000000080013ac        0x0 /opt/Atollic_TrueSTUDIO_for_STM32_x86_64_9.0.1/ARMTools/bin/../lib/gcc/arm-atollic-eabi/6.3.1/armv7-m/crtbegin.o
 *(.init)
 .init          0x00000000080013ac        0x4 /opt/Atollic_TrueSTUDIO_for_STM32_x86_64_9.0.1/ARMTools/bin/../lib/gcc/arm-atollic-eabi/6.3.1/armv7-m/crti.o
                0x00000000080013ac                _init
 .init          0x00000000080013b0        0x8 /opt/Atollic_TrueSTUDIO_for_STM32_x86_64_9.0.1/ARMTools/bin/../lib/gcc/arm-atollic-eabi/6.3.1/armv7-m/crtn.o
 *(.fini)
 .fini          0x00000000080013b8        0x4 /opt/Atollic_TrueSTUDIO_for_STM32_x86_64_9.0.1/ARMTools/bin/../lib/gcc/arm-atollic-eabi/6.3.1/armv7-m/crti.o
                0x00000000080013b8                _fini
 .fini          0x00000000080013bc        0x8 /opt/Atollic_TrueSTUDIO_for_STM32_x86_64_9.0.1/ARMTools/bin/../lib/gcc/arm-atollic-eabi/6.3.1/armv7-m/crtn.o
                0x00000000080013c4                . = ALIGN (0x4)
                0x00000000080013c4                _etext = .

.vfp11_veneer   0x00000000080013c4        0x0
 .vfp11_veneer  0x00000000080013c4        0x0 linker stubs

.v4_bx          0x00000000080013c4        0x0
 .v4_bx         0x00000000080013c4        0x0 linker stubs

.iplt           0x00000000080013c4        0x0
 .iplt          0x00000000080013c4        0x0 /opt/Atollic_TrueSTUDIO_for_STM32_x86_64_9.0.1/ARMTools/bin/../lib/gcc/arm-atollic-eabi/6.3.1/armv7-m/crtbegin.o

.rodata         0x00000000080013c4       0x24
                0x00000000080013c4                . = ALIGN (0x4)
 *(.rodata)
 .rodata        0x00000000080013c4       0x22 src/main.o
 *(.rodata*)
                0x00000000080013e8                . = ALIGN (0x4)
 *fill*         0x00000000080013e6        0x2 

.rel.dyn        0x00000000080013e8        0x0
 .rel.iplt      0x00000000080013e8        0x0 /opt/Atollic_TrueSTUDIO_for_STM32_x86_64_9.0.1/ARMTools/bin/../lib/gcc/arm-atollic-eabi/6.3.1/armv7-m/crtbegin.o

.ARM.extab
 *(.ARM.extab* .gnu.linkonce.armextab.*)

.ARM            0x00000000080013e8        0x0
                0x00000000080013e8                __exidx_start = .
 *(.ARM.exidx*)
                0x00000000080013e8                __exidx_end = .

.preinit_array  0x00000000080013e8        0x0
                0x00000000080013e8                PROVIDE (__preinit_array_start, .)
 *(.preinit_array*)
                0x00000000080013e8                PROVIDE (__preinit_array_end, .)

.init_array     0x00000000080013e8        0x4
                0x00000000080013e8                PROVIDE (__init_array_start, .)
 *(SORT(.init_array.*))
 *(.init_array*)
 .init_array    0x00000000080013e8        0x4 /opt/Atollic_TrueSTUDIO_for_STM32_x86_64_9.0.1/ARMTools/bin/../lib/gcc/arm-atollic-eabi/6.3.1/armv7-m/crtbegin.o
                0x00000000080013ec                PROVIDE (__init_array_end, .)

.fini_array     0x00000000080013ec        0x4
                [!provide]                        PROVIDE (__fini_array_start, .)
 *(SORT(.fini_array.*))
 *(.fini_array*)
 .fini_array    0x00000000080013ec        0x4 /opt/Atollic_TrueSTUDIO_for_STM32_x86_64_9.0.1/ARMTools/bin/../lib/gcc/arm-atollic-eabi/6.3.1/armv7-m/crtbegin.o
                [!provide]                        PROVIDE (__fini_array_end, .)
                0x00000000080013f0                _sidata = LOADADDR (.data)

.data           0x0000000020000000        0x0 load address 0x00000000080013f0
                0x0000000020000000                . = ALIGN (0x4)
                0x0000000020000000                _sdata = .
 *(.data)
 *(.data*)
                0x0000000020000000                . = ALIGN (0x4)
                0x0000000020000000                _edata = .

.igot.plt       0x0000000020000000        0x0 load address 0x00000000080013f0
 .igot.plt      0x0000000020000000        0x0 /opt/Atollic_TrueSTUDIO_for_STM32_x86_64_9.0.1/ARMTools/bin/../lib/gcc/arm-atollic-eabi/6.3.1/armv7-m/crtbegin.o
                0x0000000020000000                . = ALIGN (0x4)

.bss            0x0000000020000000      0x2b0 load address 0x00000000080013f0
                0x0000000020000000                _sbss = .
                0x0000000020000000                __bss_start__ = _sbss
 *(.bss)
 .bss           0x0000000020000000       0x1c /opt/Atollic_TrueSTUDIO_for_STM32_x86_64_9.0.1/ARMTools/bin/../lib/gcc/arm-atollic-eabi/6.3.1/armv7-m/crtbegin.o
 *(.bss*)
 .bss.pxCurrentTCB
                0x000000002000001c        0x4 FreeRTOS/source/tasks.o
                0x000000002000001c                pxCurrentTCB
 .bss.pxReadyTasksLists
                0x0000000020000020       0x64 FreeRTOS/source/tasks.o
 .bss.pxDelayedTaskList
                0x0000000020000084        0x4 FreeRTOS/source/tasks.o
 .bss.pxOverflowDelayedTaskList
                0x0000000020000088        0x4 FreeRTOS/source/tasks.o
 .bss.xTickCount
                0x000000002000008c        0x4 FreeRTOS/source/tasks.o
 .bss.uxTopReadyPriority
                0x0000000020000090        0x4 FreeRTOS/source/tasks.o
 .bss.uxPendedTicks
                0x0000000020000094        0x4 FreeRTOS/source/tasks.o
 .bss.xYieldPending
                0x0000000020000098        0x4 FreeRTOS/source/tasks.o
 .bss.xNumOfOverflows
                0x000000002000009c        0x4 FreeRTOS/source/tasks.o
 .bss.xNextTaskUnblockTime
                0x00000000200000a0        0x4 FreeRTOS/source/tasks.o
 .bss.uxSchedulerSuspended
                0x00000000200000a4        0x4 FreeRTOS/source/tasks.o
 .bss.rfm12bObj
                0x00000000200000a8      0x205 src/main.o
                0x00000000200000a8                rfm12bObj
 *(COMMON)
                0x00000000200002b0                . = ALIGN (0x4)
 *fill*         0x00000000200002ad        0x3 
                0x00000000200002b0                _ebss = .
                0x00000000200002b0                __bss_end__ = _ebss

._user_heap_stack
                0x00000000200002b0      0x800 load address 0x00000000080013f0
                0x00000000200002b0                . = ALIGN (0x4)
                0x00000000200002b0                PROVIDE (end, .)
                [!provide]                        PROVIDE (_end, .)
                0x00000000200002b0                . = (. + _Min_Heap_Size)
                0x0000000020000ab0                . = (. + _Min_Stack_Size)
 *fill*         0x00000000200002b0      0x800 
                0x0000000020000ab0                . = ALIGN (0x4)

.memory_b1_text
 *(.mb1text)
 *(.mb1text*)
 *(.mb1rodata)
 *(.mb1rodata*)

/DISCARD/
 libc.a(*)
 libm.a(*)
 libgcc.a(*)

.ARM.attributes
                0x0000000000000000       0x29
 *(.ARM.attributes)
 .ARM.attributes
                0x0000000000000000       0x1d /opt/Atollic_TrueSTUDIO_for_STM32_x86_64_9.0.1/ARMTools/bin/../lib/gcc/arm-atollic-eabi/6.3.1/armv7-m/crti.o
 .ARM.attributes
                0x000000000000001d       0x2d /opt/Atollic_TrueSTUDIO_for_STM32_x86_64_9.0.1/ARMTools/bin/../lib/gcc/arm-atollic-eabi/6.3.1/armv7-m/crtbegin.o
 .ARM.attributes
                0x000000000000004a       0x33 FreeRTOS/source/list.o
 .ARM.attributes
                0x000000000000007d       0x33 FreeRTOS/source/port.o
 .ARM.attributes
                0x00000000000000b0       0x33 FreeRTOS/source/tasks.o
 .ARM.attributes
                0x00000000000000e3       0x33 Libraries/STM32F10x_StdPeriph_Driver/src/stm32f10x_exti.o
 .ARM.attributes
                0x0000000000000116       0x33 Libraries/STM32F10x_StdPeriph_Driver/src/stm32f10x_gpio.o
 .ARM.attributes
                0x0000000000000149       0x33 Libraries/STM32F10x_StdPeriph_Driver/src/stm32f10x_rcc.o
 .ARM.attributes
                0x000000000000017c       0x33 Libraries/STM32F10x_StdPeriph_Driver/src/stm32f10x_spi.o
 .ARM.attributes
                0x00000000000001af       0x33 src/__rfm12b.o
 .ARM.attributes
                0x00000000000001e2       0x33 src/__rfm12b_platform.o
 .ARM.attributes
                0x0000000000000215       0x33 src/gpio.o
 .ARM.attributes
                0x0000000000000248       0x33 src/main.o
 .ARM.attributes
                0x000000000000027b       0x33 src/platform.o
 .ARM.attributes
                0x00000000000002ae       0x21 src/startup_stm32f10x_md.o
 .ARM.attributes
                0x00000000000002cf       0x33 src/stm32f1xx_it.o
 .ARM.attributes
                0x0000000000000302       0x33 src/system_stm32f10x.o
 .ARM.attributes
                0x0000000000000335       0x2d /opt/Atollic_TrueSTUDIO_for_STM32_x86_64_9.0.1/ARMTools/bin/../lib/gcc/arm-atollic-eabi/6.3.1/../../../../arm-atollic-eabi/lib/armv7-m/libc_nano.a(lib_a-init.o)
 .ARM.attributes
                0x0000000000000362       0x2d /opt/Atollic_TrueSTUDIO_for_STM32_x86_64_9.0.1/ARMTools/bin/../lib/gcc/arm-atollic-eabi/6.3.1/../../../../arm-atollic-eabi/lib/armv7-m/libc_nano.a(lib_a-memcpy-stub.o)
 .ARM.attributes
                0x000000000000038f       0x2d /opt/Atollic_TrueSTUDIO_for_STM32_x86_64_9.0.1/ARMTools/bin/../lib/gcc/arm-atollic-eabi/6.3.1/../../../../arm-atollic-eabi/lib/armv7-m/libc_nano.a(lib_a-memset.o)
 .ARM.attributes
                0x00000000000003bc       0x1d /opt/Atollic_TrueSTUDIO_for_STM32_x86_64_9.0.1/ARMTools/bin/../lib/gcc/arm-atollic-eabi/6.3.1/armv7-m/crtn.o
OUTPUT(home_control_center_cpp.elf elf32-littlearm)

.debug_info     0x0000000000000000     0x7caf
 .debug_info    0x0000000000000000      0xab8 FreeRTOS/source/list.o
 .debug_info    0x0000000000000ab8      0x2d2 FreeRTOS/source/port.o
 .debug_info    0x0000000000000d8a     0x203d FreeRTOS/source/tasks.o
 .debug_info    0x0000000000002dc7      0x360 Libraries/STM32F10x_StdPeriph_Driver/src/stm32f10x_exti.o
 .debug_info    0x0000000000003127      0x701 Libraries/STM32F10x_StdPeriph_Driver/src/stm32f10x_gpio.o
 .debug_info    0x0000000000003828      0x8b2 Libraries/STM32F10x_StdPeriph_Driver/src/stm32f10x_rcc.o
 .debug_info    0x00000000000040da      0x906 Libraries/STM32F10x_StdPeriph_Driver/src/stm32f10x_spi.o
 .debug_info    0x00000000000049e0      0x529 src/__rfm12b.o
 .debug_info    0x0000000000004f09      0x4b1 src/__rfm12b_platform.o
 .debug_info    0x00000000000053ba      0x745 src/gpio.o
 .debug_info    0x0000000000005aff     0x1821 src/main.o
 .debug_info    0x0000000000007320      0x346 src/platform.o
 .debug_info    0x0000000000007666       0x81 src/startup_stm32f10x_md.o
 .debug_info    0x00000000000076e7      0x121 src/stm32f1xx_it.o
 .debug_info    0x0000000000007808      0x4a7 src/system_stm32f10x.o

.debug_abbrev   0x0000000000000000     0x195c
 .debug_abbrev  0x0000000000000000      0x1c5 FreeRTOS/source/list.o
 .debug_abbrev  0x00000000000001c5      0x1c1 FreeRTOS/source/port.o
 .debug_abbrev  0x0000000000000386      0x36b FreeRTOS/source/tasks.o
 .debug_abbrev  0x00000000000006f1      0x168 Libraries/STM32F10x_StdPeriph_Driver/src/stm32f10x_exti.o
 .debug_abbrev  0x0000000000000859      0x1dd Libraries/STM32F10x_StdPeriph_Driver/src/stm32f10x_gpio.o
 .debug_abbrev  0x0000000000000a36      0x1cf Libraries/STM32F10x_StdPeriph_Driver/src/stm32f10x_rcc.o
 .debug_abbrev  0x0000000000000c05      0x1ab Libraries/STM32F10x_StdPeriph_Driver/src/stm32f10x_spi.o
 .debug_abbrev  0x0000000000000db0      0x1d4 src/__rfm12b.o
 .debug_abbrev  0x0000000000000f84      0x136 src/__rfm12b_platform.o
 .debug_abbrev  0x00000000000010ba      0x1ac src/gpio.o
 .debug_abbrev  0x0000000000001266      0x3cc src/main.o
 .debug_abbrev  0x0000000000001632      0x132 src/platform.o
 .debug_abbrev  0x0000000000001764       0x12 src/startup_stm32f10x_md.o
 .debug_abbrev  0x0000000000001776       0x78 src/stm32f1xx_it.o
 .debug_abbrev  0x00000000000017ee      0x16e src/system_stm32f10x.o

.debug_aranges  0x0000000000000000      0x7d8
 .debug_aranges
                0x0000000000000000       0x40 FreeRTOS/source/list.o
 .debug_aranges
                0x0000000000000040       0x70 FreeRTOS/source/port.o
 .debug_aranges
                0x00000000000000b0      0x1c8 FreeRTOS/source/tasks.o
 .debug_aranges
                0x0000000000000278       0x58 Libraries/STM32F10x_StdPeriph_Driver/src/stm32f10x_exti.o
 .debug_aranges
                0x00000000000002d0       0xa8 Libraries/STM32F10x_StdPeriph_Driver/src/stm32f10x_gpio.o
 .debug_aranges
                0x0000000000000378      0x118 Libraries/STM32F10x_StdPeriph_Driver/src/stm32f10x_rcc.o
 .debug_aranges
                0x0000000000000490       0xd0 Libraries/STM32F10x_StdPeriph_Driver/src/stm32f10x_spi.o
 .debug_aranges
                0x0000000000000560       0xa0 src/__rfm12b.o
 .debug_aranges
                0x0000000000000600       0x28 src/__rfm12b_platform.o
 .debug_aranges
                0x0000000000000628       0x68 src/gpio.o
 .debug_aranges
                0x0000000000000690       0x60 src/main.o
 .debug_aranges
                0x00000000000006f0       0x40 src/platform.o
 .debug_aranges
                0x0000000000000730       0x28 src/startup_stm32f10x_md.o
 .debug_aranges
                0x0000000000000758       0x48 src/stm32f1xx_it.o
 .debug_aranges
                0x00000000000007a0       0x38 src/system_stm32f10x.o

.debug_ranges   0x0000000000000000      0x6f0
 .debug_ranges  0x0000000000000000       0x30 FreeRTOS/source/list.o
 .debug_ranges  0x0000000000000030       0x60 FreeRTOS/source/port.o
 .debug_ranges  0x0000000000000090      0x1b8 FreeRTOS/source/tasks.o
 .debug_ranges  0x0000000000000248       0x48 Libraries/STM32F10x_StdPeriph_Driver/src/stm32f10x_exti.o
 .debug_ranges  0x0000000000000290       0x98 Libraries/STM32F10x_StdPeriph_Driver/src/stm32f10x_gpio.o
 .debug_ranges  0x0000000000000328      0x108 Libraries/STM32F10x_StdPeriph_Driver/src/stm32f10x_rcc.o
 .debug_ranges  0x0000000000000430       0xc0 Libraries/STM32F10x_StdPeriph_Driver/src/stm32f10x_spi.o
 .debug_ranges  0x00000000000004f0       0x90 src/__rfm12b.o
 .debug_ranges  0x0000000000000580       0x18 src/__rfm12b_platform.o
 .debug_ranges  0x0000000000000598       0x58 src/gpio.o
 .debug_ranges  0x00000000000005f0       0x50 src/main.o
 .debug_ranges  0x0000000000000640       0x30 src/platform.o
 .debug_ranges  0x0000000000000670       0x20 src/startup_stm32f10x_md.o
 .debug_ranges  0x0000000000000690       0x38 src/stm32f1xx_it.o
 .debug_ranges  0x00000000000006c8       0x28 src/system_stm32f10x.o

.debug_line     0x0000000000000000     0x33fd
 .debug_line    0x0000000000000000      0x2da FreeRTOS/source/list.o
 .debug_line    0x00000000000002da      0x289 FreeRTOS/source/port.o
 .debug_line    0x0000000000000563      0xb72 FreeRTOS/source/tasks.o
 .debug_line    0x00000000000010d5      0x2a9 Libraries/STM32F10x_StdPeriph_Driver/src/stm32f10x_exti.o
 .debug_line    0x000000000000137e      0x3d3 Libraries/STM32F10x_StdPeriph_Driver/src/stm32f10x_gpio.o
 .debug_line    0x0000000000001751      0x4ce Libraries/STM32F10x_StdPeriph_Driver/src/stm32f10x_rcc.o
 .debug_line    0x0000000000001c1f      0x430 Libraries/STM32F10x_StdPeriph_Driver/src/stm32f10x_spi.o
 .debug_line    0x000000000000204f      0x323 src/__rfm12b.o
 .debug_line    0x0000000000002372      0x22d src/__rfm12b_platform.o
 .debug_line    0x000000000000259f      0x270 src/gpio.o
 .debug_line    0x000000000000280f      0x564 src/main.o
 .debug_line    0x0000000000002d73      0x1f3 src/platform.o
 .debug_line    0x0000000000002f66       0x7c src/startup_stm32f10x_md.o
 .debug_line    0x0000000000002fe2      0x1e7 src/stm32f1xx_it.o
 .debug_line    0x00000000000031c9      0x234 src/system_stm32f10x.o

.debug_str      0x0000000000000000     0x2d7c
 .debug_str     0x0000000000000000      0x684 FreeRTOS/source/list.o
                                        0x714 (size before relaxing)
 .debug_str     0x0000000000000684      0x172 FreeRTOS/source/port.o
                                        0x329 (size before relaxing)
 .debug_str     0x00000000000007f6      0xc1d FreeRTOS/source/tasks.o
                                       0x1362 (size before relaxing)
 .debug_str     0x0000000000001413      0x20d Libraries/STM32F10x_StdPeriph_Driver/src/stm32f10x_exti.o
                                        0x3c3 (size before relaxing)
 .debug_str     0x0000000000001620      0x350 Libraries/STM32F10x_StdPeriph_Driver/src/stm32f10x_gpio.o
                                        0x593 (size before relaxing)
 .debug_str     0x0000000000001970      0x43c Libraries/STM32F10x_StdPeriph_Driver/src/stm32f10x_rcc.o
                                        0x694 (size before relaxing)
 .debug_str     0x0000000000001dac      0x3c1 Libraries/STM32F10x_StdPeriph_Driver/src/stm32f10x_spi.o
                                        0x677 (size before relaxing)
 .debug_str     0x000000000000216d      0x17c src/__rfm12b.o
                                        0x3c0 (size before relaxing)
 .debug_str     0x00000000000022e9       0x6a src/__rfm12b_platform.o
                                        0x4ad (size before relaxing)
 .debug_str     0x0000000000002353      0x3bd src/gpio.o
                                        0x66e (size before relaxing)
 .debug_str     0x0000000000002710      0x4b4 src/main.o
                                        0xfba (size before relaxing)
 .debug_str     0x0000000000002bc4       0x6e src/platform.o
                                        0x2e9 (size before relaxing)
 .debug_str     0x0000000000002c32       0x7b src/stm32f1xx_it.o
                                        0x22e (size before relaxing)
 .debug_str     0x0000000000002cad       0xcf src/system_stm32f10x.o
                                        0x335 (size before relaxing)

.comment        0x0000000000000000       0x7c
 .comment       0x0000000000000000       0x7c FreeRTOS/source/list.o
                                         0x7d (size before relaxing)
 .comment       0x000000000000007c       0x7d FreeRTOS/source/port.o
 .comment       0x000000000000007c       0x7d FreeRTOS/source/tasks.o
 .comment       0x000000000000007c       0x7d Libraries/STM32F10x_StdPeriph_Driver/src/stm32f10x_exti.o
 .comment       0x000000000000007c       0x7d Libraries/STM32F10x_StdPeriph_Driver/src/stm32f10x_gpio.o
 .comment       0x000000000000007c       0x7d Libraries/STM32F10x_StdPeriph_Driver/src/stm32f10x_rcc.o
 .comment       0x000000000000007c       0x7d Libraries/STM32F10x_StdPeriph_Driver/src/stm32f10x_spi.o
 .comment       0x000000000000007c       0x7d src/__rfm12b.o
 .comment       0x000000000000007c       0x7d src/__rfm12b_platform.o
 .comment       0x000000000000007c       0x7d src/gpio.o
 .comment       0x000000000000007c       0x7d src/main.o
 .comment       0x000000000000007c       0x7d src/platform.o
 .comment       0x000000000000007c       0x7d src/stm32f1xx_it.o
 .comment       0x000000000000007c       0x7d src/system_stm32f10x.o

.debug_frame    0x0000000000000000     0x1ec0
 .debug_frame   0x0000000000000000       0xd8 FreeRTOS/source/list.o
 .debug_frame   0x00000000000000d8      0x154 FreeRTOS/source/port.o
 .debug_frame   0x000000000000022c      0x7c8 FreeRTOS/source/tasks.o
 .debug_frame   0x00000000000009f4      0x148 Libraries/STM32F10x_StdPeriph_Driver/src/stm32f10x_exti.o
 .debug_frame   0x0000000000000b3c      0x2d0 Libraries/STM32F10x_StdPeriph_Driver/src/stm32f10x_gpio.o
 .debug_frame   0x0000000000000e0c      0x4f4 Libraries/STM32F10x_StdPeriph_Driver/src/stm32f10x_rcc.o
 .debug_frame   0x0000000000001300      0x3a0 Libraries/STM32F10x_StdPeriph_Driver/src/stm32f10x_spi.o
 .debug_frame   0x00000000000016a0      0x24c src/__rfm12b.o
 .debug_frame   0x00000000000018ec       0x58 src/__rfm12b_platform.o
 .debug_frame   0x0000000000001944      0x19c src/gpio.o
 .debug_frame   0x0000000000001ae0      0x15c src/main.o
 .debug_frame   0x0000000000001c3c       0xc8 src/platform.o
 .debug_frame   0x0000000000001d04       0xb0 src/stm32f1xx_it.o
 .debug_frame   0x0000000000001db4       0x98 src/system_stm32f10x.o
 .debug_frame   0x0000000000001e4c       0x2c /opt/Atollic_TrueSTUDIO_for_STM32_x86_64_9.0.1/ARMTools/bin/../lib/gcc/arm-atollic-eabi/6.3.1/../../../../arm-atollic-eabi/lib/armv7-m/libc_nano.a(lib_a-init.o)
 .debug_frame   0x0000000000001e78       0x28 /opt/Atollic_TrueSTUDIO_for_STM32_x86_64_9.0.1/ARMTools/bin/../lib/gcc/arm-atollic-eabi/6.3.1/../../../../arm-atollic-eabi/lib/armv7-m/libc_nano.a(lib_a-memcpy-stub.o)
 .debug_frame   0x0000000000001ea0       0x20 /opt/Atollic_TrueSTUDIO_for_STM32_x86_64_9.0.1/ARMTools/bin/../lib/gcc/arm-atollic-eabi/6.3.1/../../../../arm-atollic-eabi/lib/armv7-m/libc_nano.a(lib_a-memset.o)

.stabstr        0x0000000000000000       0x3f
 .stabstr       0x0000000000000000       0x3f /opt/Atollic_TrueSTUDIO_for_STM32_x86_64_9.0.1/ARMTools/bin/../lib/gcc/arm-atollic-eabi/6.3.1/../../../../arm-atollic-eabi/lib/armv7-m/libnosys.a(write.o)

Cross Reference Table

Symbol                                            File
ADC1_2_IRQHandler                                 src/startup_stm32f10x_md.o
ADC_AnalogWatchdogCmd                             Libraries/STM32F10x_StdPeriph_Driver/src/stm32f10x_adc.o
ADC_AnalogWatchdogSingleChannelConfig             Libraries/STM32F10x_StdPeriph_Driver/src/stm32f10x_adc.o
ADC_AnalogWatchdogThresholdsConfig                Libraries/STM32F10x_StdPeriph_Driver/src/stm32f10x_adc.o
ADC_AutoInjectedConvCmd                           Libraries/STM32F10x_StdPeriph_Driver/src/stm32f10x_adc.o
ADC_ClearFlag                                     Libraries/STM32F10x_StdPeriph_Driver/src/stm32f10x_adc.o
ADC_ClearITPendingBit                             Libraries/STM32F10x_StdPeriph_Driver/src/stm32f10x_adc.o
ADC_Cmd                                           Libraries/STM32F10x_StdPeriph_Driver/src/stm32f10x_adc.o
ADC_DMACmd                                        Libraries/STM32F10x_StdPeriph_Driver/src/stm32f10x_adc.o
ADC_DeInit                                        Libraries/STM32F10x_StdPeriph_Driver/src/stm32f10x_adc.o
ADC_DiscModeChannelCountConfig                    Libraries/STM32F10x_StdPeriph_Driver/src/stm32f10x_adc.o
ADC_DiscModeCmd                                   Libraries/STM32F10x_StdPeriph_Driver/src/stm32f10x_adc.o
ADC_ExternalTrigConvCmd                           Libraries/STM32F10x_StdPeriph_Driver/src/stm32f10x_adc.o
ADC_ExternalTrigInjectedConvCmd                   Libraries/STM32F10x_StdPeriph_Driver/src/stm32f10x_adc.o
ADC_ExternalTrigInjectedConvConfig                Libraries/STM32F10x_StdPeriph_Driver/src/stm32f10x_adc.o
ADC_GetCalibrationStatus                          Libraries/STM32F10x_StdPeriph_Driver/src/stm32f10x_adc.o
ADC_GetConversionValue                            Libraries/STM32F10x_StdPeriph_Driver/src/stm32f10x_adc.o
ADC_GetDualModeConversionValue                    Libraries/STM32F10x_StdPeriph_Driver/src/stm32f10x_adc.o
ADC_GetFlagStatus                                 Libraries/STM32F10x_StdPeriph_Driver/src/stm32f10x_adc.o
ADC_GetITStatus                                   Libraries/STM32F10x_StdPeriph_Driver/src/stm32f10x_adc.o
ADC_GetInjectedConversionValue                    Libraries/STM32F10x_StdPeriph_Driver/src/stm32f10x_adc.o
ADC_GetResetCalibrationStatus                     Libraries/STM32F10x_StdPeriph_Driver/src/stm32f10x_adc.o
ADC_GetSoftwareStartConvStatus                    Libraries/STM32F10x_StdPeriph_Driver/src/stm32f10x_adc.o
ADC_GetSoftwareStartInjectedConvCmdStatus         Libraries/STM32F10x_StdPeriph_Driver/src/stm32f10x_adc.o
ADC_ITConfig                                      Libraries/STM32F10x_StdPeriph_Driver/src/stm32f10x_adc.o
ADC_Init                                          Libraries/STM32F10x_StdPeriph_Driver/src/stm32f10x_adc.o
ADC_InjectedChannelConfig                         Libraries/STM32F10x_StdPeriph_Driver/src/stm32f10x_adc.o
ADC_InjectedDiscModeCmd                           Libraries/STM32F10x_StdPeriph_Driver/src/stm32f10x_adc.o
ADC_InjectedSequencerLengthConfig                 Libraries/STM32F10x_StdPeriph_Driver/src/stm32f10x_adc.o
ADC_RegularChannelConfig                          Libraries/STM32F10x_StdPeriph_Driver/src/stm32f10x_adc.o
ADC_ResetCalibration                              Libraries/STM32F10x_StdPeriph_Driver/src/stm32f10x_adc.o
ADC_SetInjectedOffset                             Libraries/STM32F10x_StdPeriph_Driver/src/stm32f10x_adc.o
ADC_SoftwareStartConvCmd                          Libraries/STM32F10x_StdPeriph_Driver/src/stm32f10x_adc.o
ADC_SoftwareStartInjectedConvCmd                  Libraries/STM32F10x_StdPeriph_Driver/src/stm32f10x_adc.o
ADC_StartCalibration                              Libraries/STM32F10x_StdPeriph_Driver/src/stm32f10x_adc.o
ADC_StructInit                                    Libraries/STM32F10x_StdPeriph_Driver/src/stm32f10x_adc.o
ADC_TempSensorVrefintCmd                          Libraries/STM32F10x_StdPeriph_Driver/src/stm32f10x_adc.o
AHBPrescTable                                     src/system_stm32f10x.o
BKP_ClearFlag                                     Libraries/STM32F10x_StdPeriph_Driver/src/stm32f10x_bkp.o
BKP_ClearITPendingBit                             Libraries/STM32F10x_StdPeriph_Driver/src/stm32f10x_bkp.o
BKP_DeInit                                        Libraries/STM32F10x_StdPeriph_Driver/src/stm32f10x_bkp.o
BKP_GetFlagStatus                                 Libraries/STM32F10x_StdPeriph_Driver/src/stm32f10x_bkp.o
BKP_GetITStatus                                   Libraries/STM32F10x_StdPeriph_Driver/src/stm32f10x_bkp.o
BKP_ITConfig                                      Libraries/STM32F10x_StdPeriph_Driver/src/stm32f10x_bkp.o
BKP_RTCOutputConfig                               Libraries/STM32F10x_StdPeriph_Driver/src/stm32f10x_bkp.o
BKP_ReadBackupRegister                            Libraries/STM32F10x_StdPeriph_Driver/src/stm32f10x_bkp.o
BKP_SetRTCCalibrationValue                        Libraries/STM32F10x_StdPeriph_Driver/src/stm32f10x_bkp.o
BKP_TamperPinCmd                                  Libraries/STM32F10x_StdPeriph_Driver/src/stm32f10x_bkp.o
BKP_TamperPinLevelConfig                          Libraries/STM32F10x_StdPeriph_Driver/src/stm32f10x_bkp.o
BKP_WriteBackupRegister                           Libraries/STM32F10x_StdPeriph_Driver/src/stm32f10x_bkp.o
BusFault_Handler                                  src/stm32f1xx_it.o
                                                  src/startup_stm32f10x_md.o
CAN1_RX1_IRQHandler                               src/startup_stm32f10x_md.o
CAN1_SCE_IRQHandler                               src/startup_stm32f10x_md.o
CAN_CancelTransmit                                Libraries/STM32F10x_StdPeriph_Driver/src/stm32f10x_can.o
CAN_ClearFlag                                     Libraries/STM32F10x_StdPeriph_Driver/src/stm32f10x_can.o
CAN_ClearITPendingBit                             Libraries/STM32F10x_StdPeriph_Driver/src/stm32f10x_can.o
CAN_DBGFreeze                                     Libraries/STM32F10x_StdPeriph_Driver/src/stm32f10x_can.o
CAN_DeInit                                        Libraries/STM32F10x_StdPeriph_Driver/src/stm32f10x_can.o
CAN_FIFORelease                                   Libraries/STM32F10x_StdPeriph_Driver/src/stm32f10x_can.o
CAN_FilterInit                                    Libraries/STM32F10x_StdPeriph_Driver/src/stm32f10x_can.o
CAN_GetFlagStatus                                 Libraries/STM32F10x_StdPeriph_Driver/src/stm32f10x_can.o
CAN_GetITStatus                                   Libraries/STM32F10x_StdPeriph_Driver/src/stm32f10x_can.o
CAN_GetLSBTransmitErrorCounter                    Libraries/STM32F10x_StdPeriph_Driver/src/stm32f10x_can.o
CAN_GetLastErrorCode                              Libraries/STM32F10x_StdPeriph_Driver/src/stm32f10x_can.o
CAN_GetReceiveErrorCounter                        Libraries/STM32F10x_StdPeriph_Driver/src/stm32f10x_can.o
CAN_ITConfig                                      Libraries/STM32F10x_StdPeriph_Driver/src/stm32f10x_can.o
CAN_Init                                          Libraries/STM32F10x_StdPeriph_Driver/src/stm32f10x_can.o
CAN_MessagePending                                Libraries/STM32F10x_StdPeriph_Driver/src/stm32f10x_can.o
CAN_OperatingModeRequest                          Libraries/STM32F10x_StdPeriph_Driver/src/stm32f10x_can.o
CAN_Receive                                       Libraries/STM32F10x_StdPeriph_Driver/src/stm32f10x_can.o
CAN_SlaveStartBank                                Libraries/STM32F10x_StdPeriph_Driver/src/stm32f10x_can.o
CAN_Sleep                                         Libraries/STM32F10x_StdPeriph_Driver/src/stm32f10x_can.o
CAN_StructInit                                    Libraries/STM32F10x_StdPeriph_Driver/src/stm32f10x_can.o
CAN_TTComModeCmd                                  Libraries/STM32F10x_StdPeriph_Driver/src/stm32f10x_can.o
CAN_Transmit                                      Libraries/STM32F10x_StdPeriph_Driver/src/stm32f10x_can.o
CAN_TransmitStatus                                Libraries/STM32F10x_StdPeriph_Driver/src/stm32f10x_can.o
CAN_WakeUp                                        Libraries/STM32F10x_StdPeriph_Driver/src/stm32f10x_can.o
CEC_ClearFlag                                     Libraries/STM32F10x_StdPeriph_Driver/src/stm32f10x_cec.o
CEC_ClearITPendingBit                             Libraries/STM32F10x_StdPeriph_Driver/src/stm32f10x_cec.o
CEC_Cmd                                           Libraries/STM32F10x_StdPeriph_Driver/src/stm32f10x_cec.o
CEC_DeInit                                        Libraries/STM32F10x_StdPeriph_Driver/src/stm32f10x_cec.o
CEC_EndOfMessageCmd                               Libraries/STM32F10x_StdPeriph_Driver/src/stm32f10x_cec.o
CEC_GetFlagStatus                                 Libraries/STM32F10x_StdPeriph_Driver/src/stm32f10x_cec.o
CEC_GetITStatus                                   Libraries/STM32F10x_StdPeriph_Driver/src/stm32f10x_cec.o
CEC_ITConfig                                      Libraries/STM32F10x_StdPeriph_Driver/src/stm32f10x_cec.o
CEC_Init                                          Libraries/STM32F10x_StdPeriph_Driver/src/stm32f10x_cec.o
CEC_OwnAddressConfig                              Libraries/STM32F10x_StdPeriph_Driver/src/stm32f10x_cec.o
CEC_ReceiveDataByte                               Libraries/STM32F10x_StdPeriph_Driver/src/stm32f10x_cec.o
CEC_SendDataByte                                  Libraries/STM32F10x_StdPeriph_Driver/src/stm32f10x_cec.o
CEC_SetPrescaler                                  Libraries/STM32F10x_StdPeriph_Driver/src/stm32f10x_cec.o
CEC_StartOfMessage                                Libraries/STM32F10x_StdPeriph_Driver/src/stm32f10x_cec.o
CRC_CalcBlockCRC                                  Libraries/STM32F10x_StdPeriph_Driver/src/stm32f10x_crc.o
CRC_CalcCRC                                       Libraries/STM32F10x_StdPeriph_Driver/src/stm32f10x_crc.o
CRC_GetCRC                                        Libraries/STM32F10x_StdPeriph_Driver/src/stm32f10x_crc.o
CRC_GetIDRegister                                 Libraries/STM32F10x_StdPeriph_Driver/src/stm32f10x_crc.o
CRC_ResetDR                                       Libraries/STM32F10x_StdPeriph_Driver/src/stm32f10x_crc.o
CRC_SetIDRegister                                 Libraries/STM32F10x_StdPeriph_Driver/src/stm32f10x_crc.o
DAC_Cmd                                           Libraries/STM32F10x_StdPeriph_Driver/src/stm32f10x_dac.o
DAC_DMACmd                                        Libraries/STM32F10x_StdPeriph_Driver/src/stm32f10x_dac.o
DAC_DeInit                                        Libraries/STM32F10x_StdPeriph_Driver/src/stm32f10x_dac.o
DAC_DualSoftwareTriggerCmd                        Libraries/STM32F10x_StdPeriph_Driver/src/stm32f10x_dac.o
DAC_GetDataOutputValue                            Libraries/STM32F10x_StdPeriph_Driver/src/stm32f10x_dac.o
DAC_Init                                          Libraries/STM32F10x_StdPeriph_Driver/src/stm32f10x_dac.o
DAC_SetChannel1Data                               Libraries/STM32F10x_StdPeriph_Driver/src/stm32f10x_dac.o
DAC_SetChannel2Data                               Libraries/STM32F10x_StdPeriph_Driver/src/stm32f10x_dac.o
DAC_SetDualChannelData                            Libraries/STM32F10x_StdPeriph_Driver/src/stm32f10x_dac.o
DAC_SoftwareTriggerCmd                            Libraries/STM32F10x_StdPeriph_Driver/src/stm32f10x_dac.o
DAC_StructInit                                    Libraries/STM32F10x_StdPeriph_Driver/src/stm32f10x_dac.o
DAC_WaveGenerationCmd                             Libraries/STM32F10x_StdPeriph_Driver/src/stm32f10x_dac.o
DBGMCU_Config                                     Libraries/STM32F10x_StdPeriph_Driver/src/stm32f10x_dbgmcu.o
DBGMCU_GetDEVID                                   Libraries/STM32F10x_StdPeriph_Driver/src/stm32f10x_dbgmcu.o
DBGMCU_GetREVID                                   Libraries/STM32F10x_StdPeriph_Driver/src/stm32f10x_dbgmcu.o
DMA1_Channel1_IRQHandler                          src/startup_stm32f10x_md.o
DMA1_Channel2_IRQHandler                          src/startup_stm32f10x_md.o
DMA1_Channel3_IRQHandler                          src/startup_stm32f10x_md.o
DMA1_Channel4_IRQHandler                          src/startup_stm32f10x_md.o
DMA1_Channel5_IRQHandler                          src/startup_stm32f10x_md.o
DMA1_Channel6_IRQHandler                          src/startup_stm32f10x_md.o
DMA1_Channel7_IRQHandler                          src/startup_stm32f10x_md.o
DMA_ClearFlag                                     Libraries/STM32F10x_StdPeriph_Driver/src/stm32f10x_dma.o
DMA_ClearITPendingBit                             Libraries/STM32F10x_StdPeriph_Driver/src/stm32f10x_dma.o
DMA_Cmd                                           Libraries/STM32F10x_StdPeriph_Driver/src/stm32f10x_dma.o
DMA_DeInit                                        Libraries/STM32F10x_StdPeriph_Driver/src/stm32f10x_dma.o
DMA_GetCurrDataCounter                            Libraries/STM32F10x_StdPeriph_Driver/src/stm32f10x_dma.o
DMA_GetFlagStatus                                 Libraries/STM32F10x_StdPeriph_Driver/src/stm32f10x_dma.o
DMA_GetITStatus                                   Libraries/STM32F10x_StdPeriph_Driver/src/stm32f10x_dma.o
DMA_ITConfig                                      Libraries/STM32F10x_StdPeriph_Driver/src/stm32f10x_dma.o
DMA_Init                                          Libraries/STM32F10x_StdPeriph_Driver/src/stm32f10x_dma.o
DMA_SetCurrDataCounter                            Libraries/STM32F10x_StdPeriph_Driver/src/stm32f10x_dma.o
DMA_StructInit                                    Libraries/STM32F10x_StdPeriph_Driver/src/stm32f10x_dma.o
DebugMon_Handler                                  src/stm32f1xx_it.o
                                                  src/startup_stm32f10x_md.o
Default_Handler                                   src/startup_stm32f10x_md.o
EXTI0_IRQHandler                                  src/startup_stm32f10x_md.o
EXTI15_10_IRQHandler                              src/startup_stm32f10x_md.o
EXTI1_IRQHandler                                  src/startup_stm32f10x_md.o
EXTI2_IRQHandler                                  src/startup_stm32f10x_md.o
EXTI3_IRQHandler                                  src/startup_stm32f10x_md.o
EXTI4_IRQHandler                                  src/startup_stm32f10x_md.o
EXTI9_5_IRQHandler                                src/main.o
EXTI_ClearFlag                                    Libraries/STM32F10x_StdPeriph_Driver/src/stm32f10x_exti.o
EXTI_ClearITPendingBit                            Libraries/STM32F10x_StdPeriph_Driver/src/stm32f10x_exti.o
                                                  src/main.o
EXTI_DeInit                                       Libraries/STM32F10x_StdPeriph_Driver/src/stm32f10x_exti.o
EXTI_GenerateSWInterrupt                          Libraries/STM32F10x_StdPeriph_Driver/src/stm32f10x_exti.o
EXTI_GetFlagStatus                                Libraries/STM32F10x_StdPeriph_Driver/src/stm32f10x_exti.o
EXTI_GetITStatus                                  Libraries/STM32F10x_StdPeriph_Driver/src/stm32f10x_exti.o
EXTI_Init                                         Libraries/STM32F10x_StdPeriph_Driver/src/stm32f10x_exti.o
EXTI_StructInit                                   Libraries/STM32F10x_StdPeriph_Driver/src/stm32f10x_exti.o
EnableExti                                        src/gpio.o
                                                  src/main.o
EnableGpioClk                                     src/gpio.o
                                                  src/main.o
EnableUart                                        src/platform.o
                                                  src/main.o
FLASH_ClearFlag                                   Libraries/STM32F10x_StdPeriph_Driver/src/stm32f10x_flash.o
FLASH_EnableWriteProtection                       Libraries/STM32F10x_StdPeriph_Driver/src/stm32f10x_flash.o
FLASH_EraseAllBank1Pages                          Libraries/STM32F10x_StdPeriph_Driver/src/stm32f10x_flash.o
FLASH_EraseAllPages                               Libraries/STM32F10x_StdPeriph_Driver/src/stm32f10x_flash.o
FLASH_EraseOptionBytes                            Libraries/STM32F10x_StdPeriph_Driver/src/stm32f10x_flash.o
FLASH_ErasePage                                   Libraries/STM32F10x_StdPeriph_Driver/src/stm32f10x_flash.o
FLASH_GetBank1Status                              Libraries/STM32F10x_StdPeriph_Driver/src/stm32f10x_flash.o
FLASH_GetFlagStatus                               Libraries/STM32F10x_StdPeriph_Driver/src/stm32f10x_flash.o
FLASH_GetPrefetchBufferStatus                     Libraries/STM32F10x_StdPeriph_Driver/src/stm32f10x_flash.o
FLASH_GetReadOutProtectionStatus                  Libraries/STM32F10x_StdPeriph_Driver/src/stm32f10x_flash.o
FLASH_GetStatus                                   Libraries/STM32F10x_StdPeriph_Driver/src/stm32f10x_flash.o
FLASH_GetUserOptionByte                           Libraries/STM32F10x_StdPeriph_Driver/src/stm32f10x_flash.o
FLASH_GetWriteProtectionOptionByte                Libraries/STM32F10x_StdPeriph_Driver/src/stm32f10x_flash.o
FLASH_HalfCycleAccessCmd                          Libraries/STM32F10x_StdPeriph_Driver/src/stm32f10x_flash.o
FLASH_IRQHandler                                  src/startup_stm32f10x_md.o
FLASH_ITConfig                                    Libraries/STM32F10x_StdPeriph_Driver/src/stm32f10x_flash.o
FLASH_Lock                                        Libraries/STM32F10x_StdPeriph_Driver/src/stm32f10x_flash.o
FLASH_LockBank1                                   Libraries/STM32F10x_StdPeriph_Driver/src/stm32f10x_flash.o
FLASH_PrefetchBufferCmd                           Libraries/STM32F10x_StdPeriph_Driver/src/stm32f10x_flash.o
FLASH_ProgramHalfWord                             Libraries/STM32F10x_StdPeriph_Driver/src/stm32f10x_flash.o
FLASH_ProgramOptionByteData                       Libraries/STM32F10x_StdPeriph_Driver/src/stm32f10x_flash.o
FLASH_ProgramWord                                 Libraries/STM32F10x_StdPeriph_Driver/src/stm32f10x_flash.o
FLASH_ReadOutProtection                           Libraries/STM32F10x_StdPeriph_Driver/src/stm32f10x_flash.o
FLASH_SetLatency                                  Libraries/STM32F10x_StdPeriph_Driver/src/stm32f10x_flash.o
FLASH_Unlock                                      Libraries/STM32F10x_StdPeriph_Driver/src/stm32f10x_flash.o
FLASH_UnlockBank1                                 Libraries/STM32F10x_StdPeriph_Driver/src/stm32f10x_flash.o
FLASH_UserOptionByteConfig                        Libraries/STM32F10x_StdPeriph_Driver/src/stm32f10x_flash.o
FLASH_WaitForLastBank1Operation                   Libraries/STM32F10x_StdPeriph_Driver/src/stm32f10x_flash.o
FLASH_WaitForLastOperation                        Libraries/STM32F10x_StdPeriph_Driver/src/stm32f10x_flash.o
FSMC_ClearFlag                                    Libraries/STM32F10x_StdPeriph_Driver/src/stm32f10x_fsmc.o
FSMC_ClearITPendingBit                            Libraries/STM32F10x_StdPeriph_Driver/src/stm32f10x_fsmc.o
FSMC_GetECC                                       Libraries/STM32F10x_StdPeriph_Driver/src/stm32f10x_fsmc.o
FSMC_GetFlagStatus                                Libraries/STM32F10x_StdPeriph_Driver/src/stm32f10x_fsmc.o
FSMC_GetITStatus                                  Libraries/STM32F10x_StdPeriph_Driver/src/stm32f10x_fsmc.o
FSMC_ITConfig                                     Libraries/STM32F10x_StdPeriph_Driver/src/stm32f10x_fsmc.o
FSMC_NANDCmd                                      Libraries/STM32F10x_StdPeriph_Driver/src/stm32f10x_fsmc.o
FSMC_NANDDeInit                                   Libraries/STM32F10x_StdPeriph_Driver/src/stm32f10x_fsmc.o
FSMC_NANDECCCmd                                   Libraries/STM32F10x_StdPeriph_Driver/src/stm32f10x_fsmc.o
FSMC_NANDInit                                     Libraries/STM32F10x_StdPeriph_Driver/src/stm32f10x_fsmc.o
FSMC_NANDStructInit                               Libraries/STM32F10x_StdPeriph_Driver/src/stm32f10x_fsmc.o
FSMC_NORSRAMCmd                                   Libraries/STM32F10x_StdPeriph_Driver/src/stm32f10x_fsmc.o
FSMC_NORSRAMDeInit                                Libraries/STM32F10x_StdPeriph_Driver/src/stm32f10x_fsmc.o
FSMC_NORSRAMInit                                  Libraries/STM32F10x_StdPeriph_Driver/src/stm32f10x_fsmc.o
FSMC_NORSRAMStructInit                            Libraries/STM32F10x_StdPeriph_Driver/src/stm32f10x_fsmc.o
FSMC_PCCARDCmd                                    Libraries/STM32F10x_StdPeriph_Driver/src/stm32f10x_fsmc.o
FSMC_PCCARDDeInit                                 Libraries/STM32F10x_StdPeriph_Driver/src/stm32f10x_fsmc.o
FSMC_PCCARDInit                                   Libraries/STM32F10x_StdPeriph_Driver/src/stm32f10x_fsmc.o
FSMC_PCCARDStructInit                             Libraries/STM32F10x_StdPeriph_Driver/src/stm32f10x_fsmc.o
GPIO_AFIODeInit                                   Libraries/STM32F10x_StdPeriph_Driver/src/stm32f10x_gpio.o
GPIO_DeInit                                       Libraries/STM32F10x_StdPeriph_Driver/src/stm32f10x_gpio.o
GPIO_ETH_MediaInterfaceConfig                     Libraries/STM32F10x_StdPeriph_Driver/src/stm32f10x_gpio.o
GPIO_EXTILineConfig                               Libraries/STM32F10x_StdPeriph_Driver/src/stm32f10x_gpio.o
GPIO_EventOutputCmd                               Libraries/STM32F10x_StdPeriph_Driver/src/stm32f10x_gpio.o
GPIO_EventOutputConfig                            Libraries/STM32F10x_StdPeriph_Driver/src/stm32f10x_gpio.o
GPIO_Init                                         Libraries/STM32F10x_StdPeriph_Driver/src/stm32f10x_gpio.o
                                                  src/tm_stm32_ili9341.o
                                                  src/nrf24_hal.o
                                                  src/main.o
                                                  src/bmp280_hal.o
                                                  src/__rfm12b_platform.o
GPIO_PinLockConfig                                Libraries/STM32F10x_StdPeriph_Driver/src/stm32f10x_gpio.o
GPIO_PinRemapConfig                               Libraries/STM32F10x_StdPeriph_Driver/src/stm32f10x_gpio.o
GPIO_ReadInputData                                Libraries/STM32F10x_StdPeriph_Driver/src/stm32f10x_gpio.o
GPIO_ReadInputDataBit                             Libraries/STM32F10x_StdPeriph_Driver/src/stm32f10x_gpio.o
GPIO_ReadOutputData                               Libraries/STM32F10x_StdPeriph_Driver/src/stm32f10x_gpio.o
GPIO_ReadOutputDataBit                            Libraries/STM32F10x_StdPeriph_Driver/src/stm32f10x_gpio.o
GPIO_ResetBits                                    Libraries/STM32F10x_StdPeriph_Driver/src/stm32f10x_gpio.o
                                                  src/tm_stm32_ili9341.o
                                                  src/radioPinFunctions.o
                                                  src/nrf24_hal.o
                                                  src/bmp280_hal.o
                                                  src/__rfm12b_platform.o
GPIO_SetBits                                      Libraries/STM32F10x_StdPeriph_Driver/src/stm32f10x_gpio.o
                                                  src/tm_stm32_ili9341.o
                                                  src/radioPinFunctions.o
                                                  src/nrf24_hal.o
                                                  src/bmp280_hal.o
                                                  src/__rfm12b_platform.o
GPIO_StructInit                                   Libraries/STM32F10x_StdPeriph_Driver/src/stm32f10x_gpio.o
GPIO_Write                                        Libraries/STM32F10x_StdPeriph_Driver/src/stm32f10x_gpio.o
GPIO_WriteBit                                     Libraries/STM32F10x_StdPeriph_Driver/src/stm32f10x_gpio.o
HardFault_Handler                                 src/stm32f1xx_it.o
                                                  src/startup_stm32f10x_md.o
I2C1_ER_IRQHandler                                src/startup_stm32f10x_md.o
I2C1_EV_IRQHandler                                src/startup_stm32f10x_md.o
I2C2_ER_IRQHandler                                src/startup_stm32f10x_md.o
I2C2_EV_IRQHandler                                src/startup_stm32f10x_md.o
I2C_ARPCmd                                        Libraries/STM32F10x_StdPeriph_Driver/src/stm32f10x_i2c.o
I2C_AcknowledgeConfig                             Libraries/STM32F10x_StdPeriph_Driver/src/stm32f10x_i2c.o
I2C_CalculatePEC                                  Libraries/STM32F10x_StdPeriph_Driver/src/stm32f10x_i2c.o
I2C_CheckEvent                                    Libraries/STM32F10x_StdPeriph_Driver/src/stm32f10x_i2c.o
I2C_ClearFlag                                     Libraries/STM32F10x_StdPeriph_Driver/src/stm32f10x_i2c.o
I2C_ClearITPendingBit                             Libraries/STM32F10x_StdPeriph_Driver/src/stm32f10x_i2c.o
I2C_Cmd                                           Libraries/STM32F10x_StdPeriph_Driver/src/stm32f10x_i2c.o
I2C_DMACmd                                        Libraries/STM32F10x_StdPeriph_Driver/src/stm32f10x_i2c.o
I2C_DMALastTransferCmd                            Libraries/STM32F10x_StdPeriph_Driver/src/stm32f10x_i2c.o
I2C_DeInit                                        Libraries/STM32F10x_StdPeriph_Driver/src/stm32f10x_i2c.o
I2C_DualAddressCmd                                Libraries/STM32F10x_StdPeriph_Driver/src/stm32f10x_i2c.o
I2C_FastModeDutyCycleConfig                       Libraries/STM32F10x_StdPeriph_Driver/src/stm32f10x_i2c.o
I2C_GeneralCallCmd                                Libraries/STM32F10x_StdPeriph_Driver/src/stm32f10x_i2c.o
I2C_GenerateSTART                                 Libraries/STM32F10x_StdPeriph_Driver/src/stm32f10x_i2c.o
I2C_GenerateSTOP                                  Libraries/STM32F10x_StdPeriph_Driver/src/stm32f10x_i2c.o
I2C_GetFlagStatus                                 Libraries/STM32F10x_StdPeriph_Driver/src/stm32f10x_i2c.o
I2C_GetITStatus                                   Libraries/STM32F10x_StdPeriph_Driver/src/stm32f10x_i2c.o
I2C_GetLastEvent                                  Libraries/STM32F10x_StdPeriph_Driver/src/stm32f10x_i2c.o
I2C_GetPEC                                        Libraries/STM32F10x_StdPeriph_Driver/src/stm32f10x_i2c.o
I2C_ITConfig                                      Libraries/STM32F10x_StdPeriph_Driver/src/stm32f10x_i2c.o
I2C_Init                                          Libraries/STM32F10x_StdPeriph_Driver/src/stm32f10x_i2c.o
I2C_NACKPositionConfig                            Libraries/STM32F10x_StdPeriph_Driver/src/stm32f10x_i2c.o
I2C_OwnAddress2Config                             Libraries/STM32F10x_StdPeriph_Driver/src/stm32f10x_i2c.o
I2C_PECPositionConfig                             Libraries/STM32F10x_StdPeriph_Driver/src/stm32f10x_i2c.o
I2C_ReadRegister                                  Libraries/STM32F10x_StdPeriph_Driver/src/stm32f10x_i2c.o
I2C_ReceiveData                                   Libraries/STM32F10x_StdPeriph_Driver/src/stm32f10x_i2c.o
I2C_SMBusAlertConfig                              Libraries/STM32F10x_StdPeriph_Driver/src/stm32f10x_i2c.o
I2C_Send7bitAddress                               Libraries/STM32F10x_StdPeriph_Driver/src/stm32f10x_i2c.o
I2C_SendData                                      Libraries/STM32F10x_StdPeriph_Driver/src/stm32f10x_i2c.o
I2C_SoftwareResetCmd                              Libraries/STM32F10x_StdPeriph_Driver/src/stm32f10x_i2c.o
I2C_StretchClockCmd                               Libraries/STM32F10x_StdPeriph_Driver/src/stm32f10x_i2c.o
I2C_StructInit                                    Libraries/STM32F10x_StdPeriph_Driver/src/stm32f10x_i2c.o
I2C_TransmitPEC                                   Libraries/STM32F10x_StdPeriph_Driver/src/stm32f10x_i2c.o
I2S_Cmd                                           Libraries/STM32F10x_StdPeriph_Driver/src/stm32f10x_spi.o
I2S_Init                                          Libraries/STM32F10x_StdPeriph_Driver/src/stm32f10x_spi.o
I2S_StructInit                                    Libraries/STM32F10x_StdPeriph_Driver/src/stm32f10x_spi.o
ILI9341_INT_CalledFromPuts                        src/tm_stm32_ili9341.o
ILI9341_Opts                                      src/tm_stm32_ili9341.o
ILI9341_x                                         src/tm_stm32_ili9341.o
ILI9341_y                                         src/tm_stm32_ili9341.o
IWDG_Enable                                       Libraries/STM32F10x_StdPeriph_Driver/src/stm32f10x_iwdg.o
IWDG_GetFlagStatus                                Libraries/STM32F10x_StdPeriph_Driver/src/stm32f10x_iwdg.o
IWDG_ReloadCounter                                Libraries/STM32F10x_StdPeriph_Driver/src/stm32f10x_iwdg.o
IWDG_SetPrescaler                                 Libraries/STM32F10x_StdPeriph_Driver/src/stm32f10x_iwdg.o
IWDG_SetReload                                    Libraries/STM32F10x_StdPeriph_Driver/src/stm32f10x_iwdg.o
IWDG_WriteAccessCmd                               Libraries/STM32F10x_StdPeriph_Driver/src/stm32f10x_iwdg.o
IsGpioHigh                                        src/gpio.o
MemManage_Handler                                 src/stm32f1xx_it.o
                                                  src/startup_stm32f10x_md.o
MqttClient_Connect                                src/mqtt_client.o
MqttClient_Disconnect                             src/mqtt_client.o
MqttClient_Init                                   src/mqtt_client.o
MqttClient_NetConnect                             src/mqtt_client.o
MqttClient_NetDisconnect                          src/mqtt_client.o
MqttClient_Ping                                   src/mqtt_client.o
MqttClient_Publish                                src/mqtt_client.o
MqttClient_ReturnCodeToString                     src/mqtt_client.o
MqttClient_Subscribe                              src/mqtt_client.o
MqttClient_Unsubscribe                            src/mqtt_client.o
MqttClient_WaitMessage                            src/mqtt_client.o
MqttDecode_ConnectAck                             src/mqtt_packet.o
                                                  src/mqtt_client.o
MqttDecode_Num                                    src/mqtt_packet.o
MqttDecode_Ping                                   src/mqtt_packet.o
                                                  src/mqtt_client.o
MqttDecode_Publish                                src/mqtt_packet.o
                                                  src/mqtt_client.o
MqttDecode_PublishResp                            src/mqtt_packet.o
                                                  src/mqtt_client.o
MqttDecode_RemainLen                              src/mqtt_packet.o
MqttDecode_String                                 src/mqtt_packet.o
MqttDecode_SubscribeAck                           src/mqtt_packet.o
                                                  src/mqtt_client.o
MqttDecode_UnsubscribeAck                         src/mqtt_packet.o
                                                  src/mqtt_client.o
MqttEncode_Connect                                src/mqtt_packet.o
                                                  src/mqtt_client.o
MqttEncode_Data                                   src/mqtt_packet.o
MqttEncode_Disconnect                             src/mqtt_packet.o
                                                  src/mqtt_client.o
MqttEncode_Num                                    src/mqtt_packet.o
MqttEncode_Ping                                   src/mqtt_packet.o
                                                  src/mqtt_client.o
MqttEncode_Publish                                src/mqtt_packet.o
                                                  src/mqtt_client.o
MqttEncode_PublishResp                            src/mqtt_packet.o
                                                  src/mqtt_client.o
MqttEncode_RemainLen                              src/mqtt_packet.o
MqttEncode_String                                 src/mqtt_packet.o
MqttEncode_Subscribe                              src/mqtt_packet.o
                                                  src/mqtt_client.o
MqttEncode_Unsubscribe                            src/mqtt_packet.o
                                                  src/mqtt_client.o
MqttPacket_Read                                   src/mqtt_packet.o
                                                  src/mqtt_client.o
MqttPacket_Write                                  src/mqtt_packet.o
                                                  src/mqtt_client.o
MqttSocket_Connect                                src/mqtt_socket.o
                                                  src/mqtt_client.o
MqttSocket_Disconnect                             src/mqtt_socket.o
                                                  src/mqtt_client.o
MqttSocket_Init                                   src/mqtt_socket.o
                                                  src/mqtt_client.o
MqttSocket_Read                                   src/mqtt_socket.o
                                                  src/mqtt_packet.o
                                                  src/mqtt_client.o
MqttSocket_Write                                  src/mqtt_socket.o
                                                  src/mqtt_packet.o
NMI_Handler                                       src/stm32f1xx_it.o
                                                  src/startup_stm32f10x_md.o
NVIC_Init                                         Libraries/STM32F10x_StdPeriph_Driver/src/misc.o
NVIC_PriorityGroupConfig                          Libraries/STM32F10x_StdPeriph_Driver/src/misc.o
NVIC_SetVectorTable                               Libraries/STM32F10x_StdPeriph_Driver/src/misc.o
NVIC_SystemLPConfig                               Libraries/STM32F10x_StdPeriph_Driver/src/misc.o
PVD_IRQHandler                                    src/startup_stm32f10x_md.o
PWR_BackupAccessCmd                               Libraries/STM32F10x_StdPeriph_Driver/src/stm32f10x_pwr.o
PWR_ClearFlag                                     Libraries/STM32F10x_StdPeriph_Driver/src/stm32f10x_pwr.o
PWR_DeInit                                        Libraries/STM32F10x_StdPeriph_Driver/src/stm32f10x_pwr.o
PWR_EnterSTANDBYMode                              Libraries/STM32F10x_StdPeriph_Driver/src/stm32f10x_pwr.o
PWR_EnterSTOPMode                                 Libraries/STM32F10x_StdPeriph_Driver/src/stm32f10x_pwr.o
PWR_GetFlagStatus                                 Libraries/STM32F10x_StdPeriph_Driver/src/stm32f10x_pwr.o
PWR_PVDCmd                                        Libraries/STM32F10x_StdPeriph_Driver/src/stm32f10x_pwr.o
PWR_PVDLevelConfig                                Libraries/STM32F10x_StdPeriph_Driver/src/stm32f10x_pwr.o
PWR_WakeUpPinCmd                                  Libraries/STM32F10x_StdPeriph_Driver/src/stm32f10x_pwr.o
PendSV_Handler                                    FreeRTOS/source/port.o
RCC_ADCCLKConfig                                  Libraries/STM32F10x_StdPeriph_Driver/src/stm32f10x_rcc.o
RCC_AHBPeriphClockCmd                             Libraries/STM32F10x_StdPeriph_Driver/src/stm32f10x_rcc.o
RCC_APB1PeriphClockCmd                            Libraries/STM32F10x_StdPeriph_Driver/src/stm32f10x_rcc.o
                                                  src/tm_stm32_ili9341.o
                                                  src/bmp280_hal.o
RCC_APB1PeriphResetCmd                            Libraries/STM32F10x_StdPeriph_Driver/src/stm32f10x_rcc.o
                                                  Libraries/STM32F10x_StdPeriph_Driver/src/stm32f10x_wwdg.o
                                                  Libraries/STM32F10x_StdPeriph_Driver/src/stm32f10x_usart.o
                                                  Libraries/STM32F10x_StdPeriph_Driver/src/stm32f10x_tim.o
                                                  Libraries/STM32F10x_StdPeriph_Driver/src/stm32f10x_spi.o
                                                  Libraries/STM32F10x_StdPeriph_Driver/src/stm32f10x_pwr.o
                                                  Libraries/STM32F10x_StdPeriph_Driver/src/stm32f10x_i2c.o
                                                  Libraries/STM32F10x_StdPeriph_Driver/src/stm32f10x_dac.o
                                                  Libraries/STM32F10x_StdPeriph_Driver/src/stm32f10x_cec.o
                                                  Libraries/STM32F10x_StdPeriph_Driver/src/stm32f10x_can.o
RCC_APB2PeriphClockCmd                            Libraries/STM32F10x_StdPeriph_Driver/src/stm32f10x_rcc.o
                                                  src/tm_stm32_ili9341.o
                                                  src/nrf24_hal.o
                                                  src/main.o
                                                  src/bmp280_hal.o
                                                  src/__rfm12b_platform.o
RCC_APB2PeriphResetCmd                            Libraries/STM32F10x_StdPeriph_Driver/src/stm32f10x_rcc.o
                                                  Libraries/STM32F10x_StdPeriph_Driver/src/stm32f10x_usart.o
                                                  Libraries/STM32F10x_StdPeriph_Driver/src/stm32f10x_tim.o
                                                  Libraries/STM32F10x_StdPeriph_Driver/src/stm32f10x_spi.o
                                                  Libraries/STM32F10x_StdPeriph_Driver/src/stm32f10x_gpio.o
                                                  Libraries/STM32F10x_StdPeriph_Driver/src/stm32f10x_adc.o
RCC_AdjustHSICalibrationValue                     Libraries/STM32F10x_StdPeriph_Driver/src/stm32f10x_rcc.o
RCC_BackupResetCmd                                Libraries/STM32F10x_StdPeriph_Driver/src/stm32f10x_rcc.o
                                                  Libraries/STM32F10x_StdPeriph_Driver/src/stm32f10x_bkp.o
RCC_ClearFlag                                     Libraries/STM32F10x_StdPeriph_Driver/src/stm32f10x_rcc.o
RCC_ClearITPendingBit                             Libraries/STM32F10x_StdPeriph_Driver/src/stm32f10x_rcc.o
RCC_ClockSecuritySystemCmd                        Libraries/STM32F10x_StdPeriph_Driver/src/stm32f10x_rcc.o
RCC_DeInit                                        Libraries/STM32F10x_StdPeriph_Driver/src/stm32f10x_rcc.o
RCC_GetClocksFreq                                 Libraries/STM32F10x_StdPeriph_Driver/src/stm32f10x_rcc.o
                                                  Libraries/STM32F10x_StdPeriph_Driver/src/stm32f10x_usart.o
                                                  Libraries/STM32F10x_StdPeriph_Driver/src/stm32f10x_spi.o
                                                  Libraries/STM32F10x_StdPeriph_Driver/src/stm32f10x_i2c.o
RCC_GetFlagStatus                                 Libraries/STM32F10x_StdPeriph_Driver/src/stm32f10x_rcc.o
RCC_GetITStatus                                   Libraries/STM32F10x_StdPeriph_Driver/src/stm32f10x_rcc.o
RCC_GetSYSCLKSource                               Libraries/STM32F10x_StdPeriph_Driver/src/stm32f10x_rcc.o
RCC_HCLKConfig                                    Libraries/STM32F10x_StdPeriph_Driver/src/stm32f10x_rcc.o
RCC_HSEConfig                                     Libraries/STM32F10x_StdPeriph_Driver/src/stm32f10x_rcc.o
RCC_HSICmd                                        Libraries/STM32F10x_StdPeriph_Driver/src/stm32f10x_rcc.o
RCC_IRQHandler                                    src/startup_stm32f10x_md.o
RCC_ITConfig                                      Libraries/STM32F10x_StdPeriph_Driver/src/stm32f10x_rcc.o
RCC_LSEConfig                                     Libraries/STM32F10x_StdPeriph_Driver/src/stm32f10x_rcc.o
RCC_LSICmd                                        Libraries/STM32F10x_StdPeriph_Driver/src/stm32f10x_rcc.o
RCC_MCOConfig                                     Libraries/STM32F10x_StdPeriph_Driver/src/stm32f10x_rcc.o
RCC_PCLK1Config                                   Libraries/STM32F10x_StdPeriph_Driver/src/stm32f10x_rcc.o
RCC_PCLK2Config                                   Libraries/STM32F10x_StdPeriph_Driver/src/stm32f10x_rcc.o
RCC_PLLCmd                                        Libraries/STM32F10x_StdPeriph_Driver/src/stm32f10x_rcc.o
RCC_PLLConfig                                     Libraries/STM32F10x_StdPeriph_Driver/src/stm32f10x_rcc.o
RCC_RTCCLKCmd                                     Libraries/STM32F10x_StdPeriph_Driver/src/stm32f10x_rcc.o
RCC_RTCCLKConfig                                  Libraries/STM32F10x_StdPeriph_Driver/src/stm32f10x_rcc.o
RCC_SYSCLKConfig                                  Libraries/STM32F10x_StdPeriph_Driver/src/stm32f10x_rcc.o
RCC_USBCLKConfig                                  Libraries/STM32F10x_StdPeriph_Driver/src/stm32f10x_rcc.o
RCC_WaitForHSEStartUp                             Libraries/STM32F10x_StdPeriph_Driver/src/stm32f10x_rcc.o
RF12_SCAN                                         src/__rfm12b.o
RF12_TXPACKET                                     src/__rfm12b.o
RTCAlarm_IRQHandler                               src/startup_stm32f10x_md.o
RTC_ClearFlag                                     Libraries/STM32F10x_StdPeriph_Driver/src/stm32f10x_rtc.o
RTC_ClearITPendingBit                             Libraries/STM32F10x_StdPeriph_Driver/src/stm32f10x_rtc.o
RTC_EnterConfigMode                               Libraries/STM32F10x_StdPeriph_Driver/src/stm32f10x_rtc.o
RTC_ExitConfigMode                                Libraries/STM32F10x_StdPeriph_Driver/src/stm32f10x_rtc.o
RTC_GetCounter                                    Libraries/STM32F10x_StdPeriph_Driver/src/stm32f10x_rtc.o
RTC_GetDivider                                    Libraries/STM32F10x_StdPeriph_Driver/src/stm32f10x_rtc.o
RTC_GetFlagStatus                                 Libraries/STM32F10x_StdPeriph_Driver/src/stm32f10x_rtc.o
RTC_GetITStatus                                   Libraries/STM32F10x_StdPeriph_Driver/src/stm32f10x_rtc.o
RTC_IRQHandler                                    src/startup_stm32f10x_md.o
RTC_ITConfig                                      Libraries/STM32F10x_StdPeriph_Driver/src/stm32f10x_rtc.o
RTC_SetAlarm                                      Libraries/STM32F10x_StdPeriph_Driver/src/stm32f10x_rtc.o
RTC_SetCounter                                    Libraries/STM32F10x_StdPeriph_Driver/src/stm32f10x_rtc.o
RTC_SetPrescaler                                  Libraries/STM32F10x_StdPeriph_Driver/src/stm32f10x_rtc.o
RTC_WaitForLastTask                               Libraries/STM32F10x_StdPeriph_Driver/src/stm32f10x_rtc.o
RTC_WaitForSynchro                                Libraries/STM32F10x_StdPeriph_Driver/src/stm32f10x_rtc.o
Reset_Handler                                     src/startup_stm32f10x_md.o
Rfm12bInit                                        src/__rfm12b.o
                                                  src/main.o
Rfm12bIrqCallback                                 src/__rfm12b.o
                                                  src/main.o
Rfm12bMantainSending                              src/__rfm12b.o
Rfm12bMantainreceiving                            src/__rfm12b.o
Rfm12bSendByte                                    src/__rfm12b.o
Rfm12bSpiInit                                     src/__rfm12b_platform.o
                                                  src/__rfm12b.o
Rfm12bStartSending                                src/__rfm12b.o
                                                  src/main.o
Rfm12bWriteCmd                                    src/__rfm12b_platform.o
                                                  src/main.o
                                                  src/__rfm12b.o
Rrm12bObjInit                                     src/__rfm12b.o
                                                  src/main.o
SDIO_CEATAITCmd                                   Libraries/STM32F10x_StdPeriph_Driver/src/stm32f10x_sdio.o
SDIO_ClearFlag                                    Libraries/STM32F10x_StdPeriph_Driver/src/stm32f10x_sdio.o
SDIO_ClearITPendingBit                            Libraries/STM32F10x_StdPeriph_Driver/src/stm32f10x_sdio.o
SDIO_ClockCmd                                     Libraries/STM32F10x_StdPeriph_Driver/src/stm32f10x_sdio.o
SDIO_CmdStructInit                                Libraries/STM32F10x_StdPeriph_Driver/src/stm32f10x_sdio.o
SDIO_CommandCompletionCmd                         Libraries/STM32F10x_StdPeriph_Driver/src/stm32f10x_sdio.o
SDIO_DMACmd                                       Libraries/STM32F10x_StdPeriph_Driver/src/stm32f10x_sdio.o
SDIO_DataConfig                                   Libraries/STM32F10x_StdPeriph_Driver/src/stm32f10x_sdio.o
SDIO_DataStructInit                               Libraries/STM32F10x_StdPeriph_Driver/src/stm32f10x_sdio.o
SDIO_DeInit                                       Libraries/STM32F10x_StdPeriph_Driver/src/stm32f10x_sdio.o
SDIO_GetCommandResponse                           Libraries/STM32F10x_StdPeriph_Driver/src/stm32f10x_sdio.o
SDIO_GetDataCounter                               Libraries/STM32F10x_StdPeriph_Driver/src/stm32f10x_sdio.o
SDIO_GetFIFOCount                                 Libraries/STM32F10x_StdPeriph_Driver/src/stm32f10x_sdio.o
SDIO_GetFlagStatus                                Libraries/STM32F10x_StdPeriph_Driver/src/stm32f10x_sdio.o
SDIO_GetITStatus                                  Libraries/STM32F10x_StdPeriph_Driver/src/stm32f10x_sdio.o
SDIO_GetPowerState                                Libraries/STM32F10x_StdPeriph_Driver/src/stm32f10x_sdio.o
SDIO_GetResponse                                  Libraries/STM32F10x_StdPeriph_Driver/src/stm32f10x_sdio.o
SDIO_ITConfig                                     Libraries/STM32F10x_StdPeriph_Driver/src/stm32f10x_sdio.o
SDIO_Init                                         Libraries/STM32F10x_StdPeriph_Driver/src/stm32f10x_sdio.o
SDIO_ReadData                                     Libraries/STM32F10x_StdPeriph_Driver/src/stm32f10x_sdio.o
SDIO_SendCEATACmd                                 Libraries/STM32F10x_StdPeriph_Driver/src/stm32f10x_sdio.o
SDIO_SendCommand                                  Libraries/STM32F10x_StdPeriph_Driver/src/stm32f10x_sdio.o
SDIO_SendSDIOSuspendCmd                           Libraries/STM32F10x_StdPeriph_Driver/src/stm32f10x_sdio.o
SDIO_SetPowerState                                Libraries/STM32F10x_StdPeriph_Driver/src/stm32f10x_sdio.o
SDIO_SetSDIOOperation                             Libraries/STM32F10x_StdPeriph_Driver/src/stm32f10x_sdio.o
SDIO_SetSDIOReadWaitMode                          Libraries/STM32F10x_StdPeriph_Driver/src/stm32f10x_sdio.o
SDIO_StartSDIOReadWait                            Libraries/STM32F10x_StdPeriph_Driver/src/stm32f10x_sdio.o
SDIO_StopSDIOReadWait                             Libraries/STM32F10x_StdPeriph_Driver/src/stm32f10x_sdio.o
SDIO_StructInit                                   Libraries/STM32F10x_StdPeriph_Driver/src/stm32f10x_sdio.o
SDIO_WriteData                                    Libraries/STM32F10x_StdPeriph_Driver/src/stm32f10x_sdio.o
SPI1_IRQHandler                                   src/startup_stm32f10x_md.o
SPI2_IRQHandler                                   src/startup_stm32f10x_md.o
SPI_BiDirectionalLineConfig                       Libraries/STM32F10x_StdPeriph_Driver/src/stm32f10x_spi.o
SPI_CalculateCRC                                  Libraries/STM32F10x_StdPeriph_Driver/src/stm32f10x_spi.o
SPI_Cmd                                           Libraries/STM32F10x_StdPeriph_Driver/src/stm32f10x_spi.o
                                                  src/nrf24_hal.o
                                                  src/bmp280_hal.o
                                                  src/__rfm12b_platform.o
SPI_DataSizeConfig                                Libraries/STM32F10x_StdPeriph_Driver/src/stm32f10x_spi.o
SPI_GetCRC                                        Libraries/STM32F10x_StdPeriph_Driver/src/stm32f10x_spi.o
SPI_GetCRCPolynomial                              Libraries/STM32F10x_StdPeriph_Driver/src/stm32f10x_spi.o
SPI_I2S_ClearFlag                                 Libraries/STM32F10x_StdPeriph_Driver/src/stm32f10x_spi.o
SPI_I2S_ClearITPendingBit                         Libraries/STM32F10x_StdPeriph_Driver/src/stm32f10x_spi.o
SPI_I2S_DMACmd                                    Libraries/STM32F10x_StdPeriph_Driver/src/stm32f10x_spi.o
SPI_I2S_DeInit                                    Libraries/STM32F10x_StdPeriph_Driver/src/stm32f10x_spi.o
SPI_I2S_GetFlagStatus                             Libraries/STM32F10x_StdPeriph_Driver/src/stm32f10x_spi.o
                                                  src/tm_stm32_ili9341.o
                                                  src/nrf24_hal.o
                                                  src/bmp280_hal.o
                                                  src/__rfm12b_platform.o
SPI_I2S_GetITStatus                               Libraries/STM32F10x_StdPeriph_Driver/src/stm32f10x_spi.o
SPI_I2S_ITConfig                                  Libraries/STM32F10x_StdPeriph_Driver/src/stm32f10x_spi.o
SPI_I2S_ReceiveData                               Libraries/STM32F10x_StdPeriph_Driver/src/stm32f10x_spi.o
                                                  src/tm_stm32_ili9341.o
                                                  src/nrf24_hal.o
                                                  src/bmp280_hal.o
                                                  src/__rfm12b_platform.o
SPI_I2S_SendData                                  Libraries/STM32F10x_StdPeriph_Driver/src/stm32f10x_spi.o
                                                  src/tm_stm32_ili9341.o
                                                  src/nrf24_hal.o
                                                  src/bmp280_hal.o
                                                  src/__rfm12b_platform.o
SPI_Init                                          Libraries/STM32F10x_StdPeriph_Driver/src/stm32f10x_spi.o
                                                  src/nrf24_hal.o
                                                  src/bmp280_hal.o
                                                  src/__rfm12b_platform.o
SPI_NSSInternalSoftwareConfig                     Libraries/STM32F10x_StdPeriph_Driver/src/stm32f10x_spi.o
SPI_SSOutputCmd                                   Libraries/STM32F10x_StdPeriph_Driver/src/stm32f10x_spi.o
                                                  src/nrf24_hal.o
                                                  src/bmp280_hal.o
                                                  src/__rfm12b_platform.o
SPI_StructInit                                    Libraries/STM32F10x_StdPeriph_Driver/src/stm32f10x_spi.o
SPI_TransmitCRC                                   Libraries/STM32F10x_StdPeriph_Driver/src/stm32f10x_spi.o
SVC_Handler                                       FreeRTOS/source/port.o
SendBuffer                                        src/platform.o
SendString                                        src/platform.o
SetGpioAsInFloating                               src/gpio.o
                                                  src/main.o
SetGpioAsInPullUp                                 src/gpio.o
                                                  src/main.o
SetGpioAsInput                                    src/gpio.o
SetGpioAsOutAltPushPUll                           src/gpio.o
                                                  src/main.o
SetGpioAsOutput                                   src/gpio.o
SysTick_CLKSourceConfig                           Libraries/STM32F10x_StdPeriph_Driver/src/misc.o
SysTick_Handler                                   FreeRTOS/source/port.o
SystemCoreClock                                   src/system_stm32f10x.o
SystemCoreClockUpdate                             src/system_stm32f10x.o
SystemInit                                        src/system_stm32f10x.o
                                                  src/startup_stm32f10x_md.o
TAMPER_IRQHandler                                 src/startup_stm32f10x_md.o
TIM1_BRK_IRQHandler                               src/startup_stm32f10x_md.o
TIM1_CC_IRQHandler                                src/startup_stm32f10x_md.o
TIM1_TRG_COM_IRQHandler                           src/startup_stm32f10x_md.o
TIM1_UP_IRQHandler                                src/startup_stm32f10x_md.o
TIM2_IRQHandler                                   src/startup_stm32f10x_md.o
TIM3_IRQHandler                                   src/startup_stm32f10x_md.o
TIM4_IRQHandler                                   src/startup_stm32f10x_md.o
TIM_ARRPreloadConfig                              Libraries/STM32F10x_StdPeriph_Driver/src/stm32f10x_tim.o
TIM_BDTRConfig                                    Libraries/STM32F10x_StdPeriph_Driver/src/stm32f10x_tim.o
TIM_BDTRStructInit                                Libraries/STM32F10x_StdPeriph_Driver/src/stm32f10x_tim.o
TIM_CCPreloadControl                              Libraries/STM32F10x_StdPeriph_Driver/src/stm32f10x_tim.o
TIM_CCxCmd                                        Libraries/STM32F10x_StdPeriph_Driver/src/stm32f10x_tim.o
TIM_CCxNCmd                                       Libraries/STM32F10x_StdPeriph_Driver/src/stm32f10x_tim.o
TIM_ClearFlag                                     Libraries/STM32F10x_StdPeriph_Driver/src/stm32f10x_tim.o
TIM_ClearITPendingBit                             Libraries/STM32F10x_StdPeriph_Driver/src/stm32f10x_tim.o
TIM_ClearOC1Ref                                   Libraries/STM32F10x_StdPeriph_Driver/src/stm32f10x_tim.o
TIM_ClearOC2Ref                                   Libraries/STM32F10x_StdPeriph_Driver/src/stm32f10x_tim.o
TIM_ClearOC3Ref                                   Libraries/STM32F10x_StdPeriph_Driver/src/stm32f10x_tim.o
TIM_ClearOC4Ref                                   Libraries/STM32F10x_StdPeriph_Driver/src/stm32f10x_tim.o
TIM_Cmd                                           Libraries/STM32F10x_StdPeriph_Driver/src/stm32f10x_tim.o
TIM_CounterModeConfig                             Libraries/STM32F10x_StdPeriph_Driver/src/stm32f10x_tim.o
TIM_CtrlPWMOutputs                                Libraries/STM32F10x_StdPeriph_Driver/src/stm32f10x_tim.o
TIM_DMACmd                                        Libraries/STM32F10x_StdPeriph_Driver/src/stm32f10x_tim.o
TIM_DMAConfig                                     Libraries/STM32F10x_StdPeriph_Driver/src/stm32f10x_tim.o
TIM_DeInit                                        Libraries/STM32F10x_StdPeriph_Driver/src/stm32f10x_tim.o
TIM_ETRClockMode1Config                           Libraries/STM32F10x_StdPeriph_Driver/src/stm32f10x_tim.o
TIM_ETRClockMode2Config                           Libraries/STM32F10x_StdPeriph_Driver/src/stm32f10x_tim.o
TIM_ETRConfig                                     Libraries/STM32F10x_StdPeriph_Driver/src/stm32f10x_tim.o
TIM_EncoderInterfaceConfig                        Libraries/STM32F10x_StdPeriph_Driver/src/stm32f10x_tim.o
TIM_ForcedOC1Config                               Libraries/STM32F10x_StdPeriph_Driver/src/stm32f10x_tim.o
TIM_ForcedOC2Config                               Libraries/STM32F10x_StdPeriph_Driver/src/stm32f10x_tim.o
TIM_ForcedOC3Config                               Libraries/STM32F10x_StdPeriph_Driver/src/stm32f10x_tim.o
TIM_ForcedOC4Config                               Libraries/STM32F10x_StdPeriph_Driver/src/stm32f10x_tim.o
TIM_GenerateEvent                                 Libraries/STM32F10x_StdPeriph_Driver/src/stm32f10x_tim.o
TIM_GetCapture1                                   Libraries/STM32F10x_StdPeriph_Driver/src/stm32f10x_tim.o
TIM_GetCapture2                                   Libraries/STM32F10x_StdPeriph_Driver/src/stm32f10x_tim.o
TIM_GetCapture3                                   Libraries/STM32F10x_StdPeriph_Driver/src/stm32f10x_tim.o
TIM_GetCapture4                                   Libraries/STM32F10x_StdPeriph_Driver/src/stm32f10x_tim.o