tiny_broker.c:30:6:broker_init_directly	24	static
tiny_broker.c:43:6:broker_init_by_given_net	16	static
tiny_broker.c:52:14:decode_pck_len	32	static
tiny_broker.c:71:6:broker_receive	32	static
tiny_broker.c:77:6:broker_packets_dispatcher	648	static
tiny_broker.c:139:9:broker_get_client_pos_by_id	24	static
tiny_broker.c:150:15:broker_get_client_by_socket	24	static
tiny_broker.c:160:6:is_client_exist	16	static
tiny_broker.c:168:6:is_client_connected	24	static
tiny_broker.c:179:20:can_broker_accept_next_client	24	static
tiny_broker.c:189:6:broker_remove_client	24	static
tiny_broker.c:199:16:broker_first_free_pos_for_client	24	static
tiny_broker.c:209:6:add_client	24	static
tiny_broker.c:215:32:is_client_authorised	16	static
tiny_broker.c:223:6:broker_decode_connect	32	static
tiny_broker.c:279:11:encode_conn_ack	16	static
tiny_broker.c:289:6:broker_create_new_client	24	static
tiny_broker.c:318:9:broker_validate_conn	16	static
tiny_broker.c:331:6:was_clean_session_requested	16	static
tiny_broker.c:340:7:broker_decode_publish	32	static
tiny_broker.c:365:6:publish_msg_to_subscribers	32	static
tiny_broker.c:381:6:encode_publish_ack	16	static
tiny_broker.c:392:10:broker_decode_subscribe	40	static
tiny_broker.c:422:13:is_the_same_topic	24	static
tiny_broker.c:430:16:get_subscribed_topic_pos	32	static
tiny_broker.c:441:13:actualize_subs_topic_qos	16	static
tiny_broker.c:446:16:find_first_free_slot_for_subs_topic	24	static
tiny_broker.c:456:13:add_new_subscription_to_client	24	static
tiny_broker.c:469:6:add_subscriptions_from_list	32	static
tiny_broker.c:492:7:encode_subscribe_ack	24	static
tiny_broker.c:504:10:broker_decode_unsubscribe	40	static
tiny_broker.c:533:13:delete_subscribed_topic	24	static
tiny_broker.c:543:6:delete_listed_subscriptions	32	static
tiny_broker.c:553:7:encode_unsubscribe_ack	16	static
tiny_broker.c:564:6:broker_decode_ping_req	24	static
tiny_broker.c:572:6:broker_encode_ping_rsp	16	static
