tiny_broker.c:30:6:broker_init_directly	24	static
tiny_broker.c:43:6:broker_init_by_given_net	16	static
tiny_broker.c:52:14:decode_pck_len	32	static
tiny_broker.c:71:6:broker_receive	32	static
tiny_broker.c:77:6:broker_packets_dispatcher	648	static
tiny_broker.c:138:9:broker_get_client_pos_by_id	24	static
tiny_broker.c:149:15:broker_get_client_by_socket	24	static
tiny_broker.c:159:6:is_client_exist	16	static
tiny_broker.c:167:6:is_client_connected	24	static
tiny_broker.c:178:20:can_broker_accept_next_client	24	static
tiny_broker.c:188:6:broker_remove_client	24	static
tiny_broker.c:198:16:broker_first_free_pos_for_client	24	static
tiny_broker.c:208:6:add_client	24	static
tiny_broker.c:214:32:is_client_authorised	16	static
tiny_broker.c:222:6:broker_decode_connect	32	static
tiny_broker.c:278:11:encode_conn_ack	16	static
tiny_broker.c:288:6:broker_create_new_client	24	static
tiny_broker.c:317:9:broker_validate_conn	16	static
tiny_broker.c:330:6:was_clean_session_requested	16	static
tiny_broker.c:339:7:broker_decode_publish	32	static
tiny_broker.c:364:6:publish_msg_to_subscribers	32	static
tiny_broker.c:380:6:encode_publish_ack	16	static
tiny_broker.c:391:10:broker_decode_subscribe	40	static
tiny_broker.c:421:13:is_the_same_topic	24	static
tiny_broker.c:429:16:get_subscribed_topic_pos	32	static
tiny_broker.c:440:13:actualize_subs_topic_qos	16	static
tiny_broker.c:445:16:find_first_free_slot_for_subs_topic	24	static
tiny_broker.c:455:13:add_new_subscription_to_client	24	static
tiny_broker.c:468:6:add_subscriptions_from_list	32	static
tiny_broker.c:491:7:encode_subscribe_ack	24	static
tiny_broker.c:503:10:broker_decode_unsubscribe	40	static
tiny_broker.c:532:13:delete_subscribed_topic	24	static
tiny_broker.c:542:6:delete_listed_subscriptions	32	static
tiny_broker.c:552:7:encode_unsubscribe_ack	16	static
tiny_broker.c:563:6:broker_decode_ping_req	24	static
tiny_broker.c:571:6:broker_encode_ping_rsp	16	static
