tiny_broker.c:43:6:broker_init_by_given_net	16	static
tiny_broker.c:52:14:decode_pck_len	32	static
tiny_broker.c:72:6:broker_receive	32	static
tiny_broker.c:78:6:broker_packets_dispatcher	656	static
tiny_broker.c:147:9:broker_get_client_pos_by_id	24	static
tiny_broker.c:158:15:broker_get_client_by_socket	24	static
tiny_broker.c:168:6:is_client_exist	16	static
tiny_broker.c:176:6:is_client_connected	24	static
tiny_broker.c:187:20:can_broker_accept_next_client	24	static
tiny_broker.c:197:6:broker_remove_client	24	static
tiny_broker.c:207:16:broker_first_free_pos_for_client	24	static
tiny_broker.c:217:6:add_client	24	static
tiny_broker.c:223:32:is_client_authorised	16	static
tiny_broker.c:231:6:broker_decode_connect	32	static
tiny_broker.c:287:11:encode_conn_ack	16	static
tiny_broker.c:297:6:broker_create_new_client	24	static
tiny_broker.c:328:9:broker_validate_conn	16	static
tiny_broker.c:341:6:was_clean_session_requested	16	static
tiny_broker.c:350:7:broker_decode_publish	32	static
tiny_broker.c:375:6:publish_msg_to_subscribers	32	static
tiny_broker.c:391:6:encode_publish_ack	16	static
tiny_broker.c:402:10:broker_decode_subscribe	40	static
tiny_broker.c:432:13:is_the_same_topic	24	static
tiny_broker.c:440:16:get_subscribed_topic_pos	32	static
tiny_broker.c:451:13:actualize_subs_topic_qos	16	static
tiny_broker.c:456:16:find_first_free_slot_for_subs_topic	24	static
tiny_broker.c:466:13:add_new_subscription_to_client	24	static
tiny_broker.c:479:6:add_subscriptions_from_list	32	static
tiny_broker.c:502:7:encode_subscribe_ack	24	static
tiny_broker.c:514:10:broker_decode_unsubscribe	40	static
tiny_broker.c:543:13:delete_subscribed_topic	24	static
tiny_broker.c:553:6:delete_listed_subscriptions	32	static
tiny_broker.c:563:7:encode_unsubscribe_ack	16	static
tiny_broker.c:574:6:broker_decode_ping_req	24	static
tiny_broker.c:582:6:broker_encode_ping_rsp	16	static
