core_cm3.h:930:22:void NVIC_EnableIRQ(IRQn_Type)	16	static
main.cpp:37:6:void EXTI9_5_IRQHandler()	8	static
main.cpp:46:5:int mqtt_net_disconnect_cb(void*)	16	static
main.cpp:52:14:void gpio_init()	16	static
main.cpp:71:5:int broker_conn(void*, sockaddr_t*)	16	static
main.cpp:75:5:int broker_send(void*, sockaddr_t*, const uint8_t*, uint16_t)	24	static
main.cpp:81:5:int broker_rec(void*, sockaddr_t*, uint8_t*, uint16_t)	32	static
main.cpp:97:5:int broker_discon(void*, sockaddr_t*)	16	static
main.cpp:104:5:int main()	64	static
