nrf24.c:31:10:calculateCRC16	24	static
nrf24.c:44:6:l3_send_packet	56	static
nrf24.c:78:10:l3_receive_packet	272	static
nrf24.c:108:6:nrf24_init	8	static
nrf24.c:117:6:nRF24_restore_defaults	16	static
nrf24.c:155:6:nrf24_config	16	static
nrf24.c:198:6:nrf24_rx_address	16	static
nrf24.c:205:9:nrf24_payload_length	4	static
nrf24.c:210:6:nrf24_tx_address	16	static
nrf24.c:218:9:nrf24_dataReady	16	static
nrf24.c:232:9:nrf24_rxFifoEmpty	16	static
nrf24.c:241:9:nrf24_payloadLength	16	static
nrf24.c:251:6:nrf24_getData	16	static
nrf24.c:269:9:nrf24_retransmissionCount	16	static
nrf24.c:278:6:nrf24_send	16	static
nrf24.c:314:9:nrf24_isSending	16	static
nrf24.c:329:9:nrf24_getStatus	16	static
nrf24.c:337:9:nrf24_lastMessageStatus	16	static
nrf24.c:357:6:nrf24_powerUpRx	8	static
nrf24.c:370:6:nrf24_powerUpTx	8	static
nrf24.c:377:6:nrf24_powerDown	8	static
nrf24.c:383:9:spi_transfer	24	static
nrf24.c:392:6:nrf24_transferSync	40	static
nrf24.c:402:6:nrf24_transmitSync	24	static
nrf24.c:412:6:nrf24_configRegister	16	static
nrf24.c:420:6:nrf24_readRegister	16	static
nrf24.c:428:6:nrf24_writeRegister	16	static
