tm_stm32_ili9341.c:102:6:spi2_init_lcd	32	static
tm_stm32_ili9341.c:156:9:TM_SPI_Send	16	static
tm_stm32_ili9341.c:169:6:TM_ILI9341_Init	24	static
tm_stm32_ili9341.c:223:6:TM_ILI9341_InitLCD	8	static
tm_stm32_ili9341.c:334:6:TM_ILI9341_DisplayOn	8	static
tm_stm32_ili9341.c:338:6:TM_ILI9341_DisplayOff	8	static
tm_stm32_ili9341.c:342:6:TM_ILI9341_SendCommand	16	static
tm_stm32_ili9341.c:349:6:TM_ILI9341_SendData	16	static
tm_stm32_ili9341.c:356:6:TM_ILI9341_DrawPixel	16	static
tm_stm32_ili9341.c:365:6:TM_ILI9341_SetCursorPosition	24	static
tm_stm32_ili9341.c:379:6:TM_ILI9341_Fill	24	static
tm_stm32_ili9341.c:402:6:glcd_fill_screen	16	static
tm_stm32_ili9341.c:572:6:glcd_fill_screen_dma	24	static
tm_stm32_ili9341.c:632:6:glcd_fillRectangle	32	static
tm_stm32_ili9341.c:643:13:glcd_hline	32	static
tm_stm32_ili9341.c:667:6:TM_ILI9341_INT_Fill	40	static
tm_stm32_ili9341.c:720:6:TM_ILI9341_Delay	16	static
tm_stm32_ili9341.c:724:6:TM_ILI9341_Rotate	16	static
tm_stm32_ili9341.c:816:6:TM_ILI9341_DrawLine	40	static
tm_stm32_ili9341.c:878:6:TM_ILI9341_DrawRectangle	32	static
tm_stm32_ili9341.c:885:6:TM_ILI9341_DrawFilledRectangle	40	static
tm_stm32_ili9341.c:907:6:TM_ILI9341_DrawCircle	40	static
tm_stm32_ili9341.c:941:6:TM_ILI9341_DrawFilledCircle	56	static
tm_stm32_ili9341.c:975:6:TM_ILI9341_Puts	40	static
tm_stm32_ili9341.c:1006:6:TM_ILI9341_Puts_background	40	static
tm_stm32_ili9341.c:1037:6:TM_ILI9341_GetStringSize	32	static
tm_stm32_ili9341.c:1046:6:TM_ILI9341_Putc	40	static
tm_stm32_ili9341.c:1073:6:TM_ILI9341_Putc_background	56	static
